<html>
<body>
<pre>
<h1>µVision Build Log</h1>
<h2>Tool Versions:</h2>
IDE-Version: ¦ÌVision V5.36.0.0
Copyright (C) 2021 ARM Ltd and ARM Germany GmbH. All rights reserved.
License Information: 123 251500892@qq.com, 123, LIC=21E4T-RAS4M-VESHA-1QPUP-99MMY-06GVQ
 
Tool Versions:
Toolchain:       MDK-ARM Plus  Version: 5.36.0.0
Toolchain Path:  D:\Software\Keil5\ARM\ARMCC\Bin
C Compiler:      Armcc.exe V5.06 update 7 (build 960)
Assembler:       Armasm.exe V5.06 update 7 (build 960)
Linker/Locator:  ArmLink.exe V5.06 update 7 (build 960)
Library Manager: ArmAr.exe V5.06 update 7 (build 960)
Hex Converter:   FromElf.exe V5.06 update 7 (build 960)
CPU DLL:         SARMCM3.DLL V5.36.0.0
Dialog DLL:      DCM.DLL V1.17.3.0
Target DLL:      STLink\ST-LINKIII-KEIL_SWO.dll V3.0.9.0
Dialog DLL:      TCM.DLL V1.53.0.0
 
<h2>Project:</h2>
C:\Users\25150\Desktop\Unmanned_Aerial_Vehicle_Project\flight_hal\MDK-ARM\flight_hal.uvprojx
Project File Date:  01/21/2026

<h2>Output:</h2>
*** Using Compiler 'V5.06 update 7 (build 960)', folder: 'D:\Software\Keil5\ARM\ARMCC\Bin'
Build target 'flight_hal'
compiling app_task.c...
./common/com_config.h(20): warning:  #1-D: last line of file ends without a newline
  #endif /* __COM_CONFIG_H */
app\app_task.c(170): warning:  #174-D: expression has no effect
              led_count == 0; 
app\app_task.c(5): warning:  #177-D: variable "motor_left_top"  was declared but never referenced
  static motor_t motor_left_top = {.tim = &htim3, .channel = TIM_CHANNEL_1, .speed = temp_speed};
app\app_task.c(6): warning:  #177-D: variable "motor_left_bottom"  was declared but never referenced
  static motor_t motor_left_bottom = {.tim = &htim4, .channel = TIM_CHANNEL_4, .speed = temp_speed};
app\app_task.c(7): warning:  #177-D: variable "motor_right_top"  was declared but never referenced
  static motor_t motor_right_top = {.tim = &htim2, .channel = TIM_CHANNEL_2, .speed = temp_speed};
app\app_task.c(8): warning:  #177-D: variable "motor_right_bottom"  was declared but never referenced
  static motor_t motor_right_bottom = {.tim = &htim1, .channel = TIM_CHANNEL_3, .speed = temp_speed};
app\app_task.c: 6 warnings, 0 errors
linking...
Program Size: Code=12260 RO-data=312 RW-data=200 ZI-data=18992  
FromELF: creating hex file...
"flight_hal\flight_hal.axf" - 0 Error(s), 6 Warning(s).

<h2>Software Packages used:</h2>

Package Vendor: ARM
                http://www.keil.com/pack/ARM.CMSIS.5.8.0.pack
                ARM.CMSIS.5.8.0
                CMSIS (Common Microcontroller Software Interface Standard)
   * Component: CORE Version: 5.5.0

Package Vendor: Keil
                http://www.keil.com/pack/Keil.STM32F1xx_DFP.2.3.0.pack
                Keil.STM32F1xx_DFP.2.3.0
                STMicroelectronics STM32F1 Series Device Support, Drivers and Examples

<h2>Collection of Component include folders:</h2>
  .\RTE\_flight_hal
  C:\Users\25150\AppData\Local\Arm\Packs\ARM\CMSIS\5.8.0\CMSIS\Core\Include
  C:\Users\25150\AppData\Local\Arm\Packs\Keil\STM32F1xx_DFP\2.3.0\Device\Include

<h2>Collection of Component Files used:</h2>

   * Component: ARM::CMSIS:CORE:5.5.0
      Include file:  CMSIS\Core\Include\tz_context.h
Build Time Elapsed:  00:00:03
</pre>
</body>
</html>
