Component: ARM Compiler 5.06 update 7 (build 960) Tool: armlink [4d3601]

==============================================================================

Section Cross References

    startup_stm32f103xb.o(RESET) refers to startup_stm32f103xb.o(STACK) for __initial_sp
    startup_stm32f103xb.o(RESET) refers to startup_stm32f103xb.o(.text) for Reset_Handler
    startup_stm32f103xb.o(RESET) refers to stm32f1xx_it.o(i.NMI_Handler) for NMI_Handler
    startup_stm32f103xb.o(RESET) refers to stm32f1xx_it.o(i.HardFault_Handler) for HardFault_Handler
    startup_stm32f103xb.o(RESET) refers to stm32f1xx_it.o(i.MemManage_Handler) for MemManage_Handler
    startup_stm32f103xb.o(RESET) refers to stm32f1xx_it.o(i.BusFault_Handler) for BusFault_Handler
    startup_stm32f103xb.o(RESET) refers to stm32f1xx_it.o(i.UsageFault_Handler) for UsageFault_Handler
    startup_stm32f103xb.o(RESET) refers to port.o(.emb_text) for SVC_Handler
    startup_stm32f103xb.o(RESET) refers to stm32f1xx_it.o(i.DebugMon_Handler) for DebugMon_Handler
    startup_stm32f103xb.o(RESET) refers to stm32f1xx_it.o(i.SysTick_Handler) for SysTick_Handler
    startup_stm32f103xb.o(.text) refers to system_stm32f1xx.o(i.SystemInit) for SystemInit
    startup_stm32f103xb.o(.text) refers to entry.o(.ARM.Collect$$$$00000000) for __main
    main.o(i.SystemClock_Config) refers to memseta.o(.text) for __aeabi_memclr4
    main.o(i.SystemClock_Config) refers to stm32f1xx_hal_rcc.o(i.HAL_RCC_OscConfig) for HAL_RCC_OscConfig
    main.o(i.SystemClock_Config) refers to main.o(i.Error_Handler) for Error_Handler
    main.o(i.SystemClock_Config) refers to stm32f1xx_hal_rcc.o(i.HAL_RCC_ClockConfig) for HAL_RCC_ClockConfig
    main.o(i.main) refers to stm32f1xx_hal.o(i.HAL_Init) for HAL_Init
    main.o(i.main) refers to main.o(i.SystemClock_Config) for SystemClock_Config
    main.o(i.main) refers to gpio.o(i.MX_GPIO_Init) for MX_GPIO_Init
    main.o(i.main) refers to usart.o(i.MX_USART2_UART_Init) for MX_USART2_UART_Init
    main.o(i.main) refers to tim.o(i.MX_TIM1_Init) for MX_TIM1_Init
    main.o(i.main) refers to tim.o(i.MX_TIM2_Init) for MX_TIM2_Init
    main.o(i.main) refers to tim.o(i.MX_TIM3_Init) for MX_TIM3_Init
    main.o(i.main) refers to tim.o(i.MX_TIM4_Init) for MX_TIM4_Init
    main.o(i.main) refers to spi.o(i.MX_SPI1_Init) for MX_SPI1_Init
    main.o(i.main) refers to i2c.o(i.MX_I2C1_Init) for MX_I2C1_Init
    main.o(i.main) refers to int_si24r1.o(i.int_si24r1_init) for int_si24r1_init
    main.o(i.main) refers to app_task.o(i.task_entry) for task_entry
    gpio.o(i.MX_GPIO_Init) refers to stm32f1xx_hal_gpio.o(i.HAL_GPIO_WritePin) for HAL_GPIO_WritePin
    gpio.o(i.MX_GPIO_Init) refers to stm32f1xx_hal_gpio.o(i.HAL_GPIO_Init) for HAL_GPIO_Init
    i2c.o(i.HAL_I2C_MspDeInit) refers to stm32f1xx_hal_gpio.o(i.HAL_GPIO_DeInit) for HAL_GPIO_DeInit
    i2c.o(i.HAL_I2C_MspInit) refers to stm32f1xx_hal_gpio.o(i.HAL_GPIO_Init) for HAL_GPIO_Init
    i2c.o(i.MX_I2C1_Init) refers to stm32f1xx_hal_i2c.o(i.HAL_I2C_Init) for HAL_I2C_Init
    i2c.o(i.MX_I2C1_Init) refers to main.o(i.Error_Handler) for Error_Handler
    i2c.o(i.MX_I2C1_Init) refers to i2c.o(.bss) for hi2c1
    spi.o(i.HAL_SPI_MspDeInit) refers to stm32f1xx_hal_gpio.o(i.HAL_GPIO_DeInit) for HAL_GPIO_DeInit
    spi.o(i.HAL_SPI_MspInit) refers to stm32f1xx_hal_gpio.o(i.HAL_GPIO_Init) for HAL_GPIO_Init
    spi.o(i.MX_SPI1_Init) refers to stm32f1xx_hal_spi.o(i.HAL_SPI_Init) for HAL_SPI_Init
    spi.o(i.MX_SPI1_Init) refers to main.o(i.Error_Handler) for Error_Handler
    spi.o(i.MX_SPI1_Init) refers to spi.o(.bss) for hspi1
    tim.o(i.HAL_TIM_MspPostInit) refers to stm32f1xx_hal_gpio.o(i.HAL_GPIO_Init) for HAL_GPIO_Init
    tim.o(i.MX_TIM1_Init) refers to memseta.o(.text) for __aeabi_memclr4
    tim.o(i.MX_TIM1_Init) refers to stm32f1xx_hal_tim.o(i.HAL_TIM_Base_Init) for HAL_TIM_Base_Init
    tim.o(i.MX_TIM1_Init) refers to main.o(i.Error_Handler) for Error_Handler
    tim.o(i.MX_TIM1_Init) refers to stm32f1xx_hal_tim.o(i.HAL_TIM_ConfigClockSource) for HAL_TIM_ConfigClockSource
    tim.o(i.MX_TIM1_Init) refers to stm32f1xx_hal_tim.o(i.HAL_TIM_PWM_Init) for HAL_TIM_PWM_Init
    tim.o(i.MX_TIM1_Init) refers to stm32f1xx_hal_tim_ex.o(i.HAL_TIMEx_MasterConfigSynchronization) for HAL_TIMEx_MasterConfigSynchronization
    tim.o(i.MX_TIM1_Init) refers to stm32f1xx_hal_tim.o(i.HAL_TIM_PWM_ConfigChannel) for HAL_TIM_PWM_ConfigChannel
    tim.o(i.MX_TIM1_Init) refers to stm32f1xx_hal_tim_ex.o(i.HAL_TIMEx_ConfigBreakDeadTime) for HAL_TIMEx_ConfigBreakDeadTime
    tim.o(i.MX_TIM1_Init) refers to tim.o(i.HAL_TIM_MspPostInit) for HAL_TIM_MspPostInit
    tim.o(i.MX_TIM1_Init) refers to tim.o(.bss) for htim1
    tim.o(i.MX_TIM2_Init) refers to memseta.o(.text) for __aeabi_memclr4
    tim.o(i.MX_TIM2_Init) refers to stm32f1xx_hal_tim.o(i.HAL_TIM_Base_Init) for HAL_TIM_Base_Init
    tim.o(i.MX_TIM2_Init) refers to main.o(i.Error_Handler) for Error_Handler
[...]
    i.MX_USART2_UART_Init                    0x08003b98   Section        0  usart.o(i.MX_USART2_UART_Init)
    i.MemManage_Handler                      0x08003bd0   Section        0  stm32f1xx_it.o(i.MemManage_Handler)
    i.NMI_Handler                            0x08003bd4   Section        0  stm32f1xx_it.o(i.NMI_Handler)
    i.Q_rsqrt                                0x08003bd8   Section        0  com_imu.o(i.Q_rsqrt)
    Q_rsqrt                                  0x08003bd9   Thumb Code    74  com_imu.o(i.Q_rsqrt)
    i.RCC_Delay                              0x08003c28   Section        0  stm32f1xx_hal_rcc.o(i.RCC_Delay)
    RCC_Delay                                0x08003c29   Thumb Code    36  stm32f1xx_hal_rcc.o(i.RCC_Delay)
    i.SPI_EndRxTxTransaction                 0x08003c50   Section        0  stm32f1xx_hal_spi.o(i.SPI_EndRxTxTransaction)
    SPI_EndRxTxTransaction                   0x08003c51   Thumb Code    68  stm32f1xx_hal_spi.o(i.SPI_EndRxTxTransaction)
    i.SPI_RW                                 0x08003c94   Section        0  int_si24r1.o(i.SPI_RW)
    SPI_RW                                   0x08003c95   Thumb Code    32  int_si24r1.o(i.SPI_RW)
    i.SPI_WaitFlagStateUntilTimeout          0x08003cb8   Section        0  stm32f1xx_hal_spi.o(i.SPI_WaitFlagStateUntilTimeout)
    SPI_WaitFlagStateUntilTimeout            0x08003cb9   Thumb Code   210  stm32f1xx_hal_spi.o(i.SPI_WaitFlagStateUntilTimeout)
    i.SysTick_Handler                        0x08003d90   Section        0  stm32f1xx_it.o(i.SysTick_Handler)
    i.SystemClock_Config                     0x08003da4   Section        0  main.o(i.SystemClock_Config)
    i.SystemInit                             0x08003e0a   Section        0  system_stm32f1xx.o(i.SystemInit)
    i.TIM_Base_SetConfig                     0x08003e0c   Section        0  stm32f1xx_hal_tim.o(i.TIM_Base_SetConfig)
    i.TIM_ETR_SetConfig                      0x08003e90   Section        0  stm32f1xx_hal_tim.o(i.TIM_ETR_SetConfig)
    i.TIM_ITRx_SetConfig                     0x08003ea6   Section        0  stm32f1xx_hal_tim.o(i.TIM_ITRx_SetConfig)
    TIM_ITRx_SetConfig                       0x08003ea7   Thumb Code    18  stm32f1xx_hal_tim.o(i.TIM_ITRx_SetConfig)
    i.TIM_OC1_SetConfig                      0x08003eb8   Section        0  stm32f1xx_hal_tim.o(i.TIM_OC1_SetConfig)
    TIM_OC1_SetConfig                        0x08003eb9   Thumb Code    90  stm32f1xx_hal_tim.o(i.TIM_OC1_SetConfig)
    i.TIM_OC2_SetConfig                      0x08003f18   Section        0  stm32f1xx_hal_tim.o(i.TIM_OC2_SetConfig)
    i.TIM_OC3_SetConfig                      0x08003f80   Section        0  stm32f1xx_hal_tim.o(i.TIM_OC3_SetConfig)
    TIM_OC3_SetConfig                        0x08003f81   Thumb Code    98  stm32f1xx_hal_tim.o(i.TIM_OC3_SetConfig)
    i.TIM_OC4_SetConfig                      0x08003fe8   Section        0  stm32f1xx_hal_tim.o(i.TIM_OC4_SetConfig)
    TIM_OC4_SetConfig                        0x08003fe9   Thumb Code    68  stm32f1xx_hal_tim.o(i.TIM_OC4_SetConfig)
    i.TIM_TI1_ConfigInputStage               0x08004030   Section        0  stm32f1xx_hal_tim.o(i.TIM_TI1_ConfigInputStage)
    TIM_TI1_ConfigInputStage                 0x08004031   Thumb Code    38  stm32f1xx_hal_tim.o(i.TIM_TI1_ConfigInputStage)
    i.TIM_TI2_ConfigInputStage               0x08004056   Section        0  stm32f1xx_hal_tim.o(i.TIM_TI2_ConfigInputStage)
    TIM_TI2_ConfigInputStage                 0x08004057   Thumb Code    40  stm32f1xx_hal_tim.o(i.TIM_TI2_ConfigInputStage)
    i.UART_EndRxTransfer                     0x0800407e   Section        0  stm32f1xx_hal_uart.o(i.UART_EndRxTransfer)
    UART_EndRxTransfer                       0x0800407f   Thumb Code   108  stm32f1xx_hal_uart.o(i.UART_EndRxTransfer)
    i.UART_SetConfig                         0x080040ec   Section        0  stm32f1xx_hal_uart.o(i.UART_SetConfig)
    UART_SetConfig                           0x080040ed   Thumb Code   248  stm32f1xx_hal_uart.o(i.UART_SetConfig)
    i.UART_WaitOnFlagUntilTimeout            0x080041e8   Section        0  stm32f1xx_hal_uart.o(i.UART_WaitOnFlagUntilTimeout)
    UART_WaitOnFlagUntilTimeout              0x080041e9   Thumb Code   140  stm32f1xx_hal_uart.o(i.UART_WaitOnFlagUntilTimeout)
    i.UsageFault_Handler                     0x08004274   Section        0  stm32f1xx_it.o(i.UsageFault_Handler)
    i.__0printf                              0x08004278   Section        0  printfa.o(i.__0printf)
    i.__ARM_fpclassify                       0x08004298   Section        0  fpclassify.o(i.__ARM_fpclassify)
    i.__ARM_fpclassifyf                      0x080042c0   Section        0  fpclassifyf.o(i.__ARM_fpclassifyf)
    i.__NVIC_GetPriorityGrouping             0x080042e8   Section        0  stm32f1xx_hal_cortex.o(i.__NVIC_GetPriorityGrouping)
    __NVIC_GetPriorityGrouping               0x080042e9   Thumb Code    10  stm32f1xx_hal_cortex.o(i.__NVIC_GetPriorityGrouping)
    i.__NVIC_SetPriority                     0x080042f8   Section        0  stm32f1xx_hal_cortex.o(i.__NVIC_SetPriority)
    __NVIC_SetPriority                       0x080042f9   Thumb Code    32  stm32f1xx_hal_cortex.o(i.__NVIC_SetPriority)
    i.__kernel_poly                          0x08004320   Section        0  poly.o(i.__kernel_poly)
    i.__mathlib_dbl_infnan                   0x080043ca   Section        0  dunder.o(i.__mathlib_dbl_infnan)
    i.__mathlib_dbl_invalid                  0x080043d0   Section        0  dunder.o(i.__mathlib_dbl_invalid)
    i.__mathlib_dbl_underflow                0x080043dc   Section        0  dunder.o(i.__mathlib_dbl_underflow)
    i.__mathlib_flt_infnan2                  0x080043ec   Section        0  funder.o(i.__mathlib_flt_infnan2)
    i.__mathlib_flt_underflow                0x080043f0   Section        0  funder.o(i.__mathlib_flt_underflow)
    i.__scatterload_copy                     0x080043fa   Section       14  handlers.o(i.__scatterload_copy)
    i.__scatterload_null                     0x08004408   Section        2  handlers.o(i.__scatterload_null)
    i.__scatterload_zeroinit                 0x0800440a   Section       14  handlers.o(i.__scatterload_zeroinit)
    i.__set_errno                            0x08004418   Section        0  errno.o(i.__set_errno)
    i._fp_digits                             0x08004424   Section        0  printfa.o(i._fp_digits)
    _fp_digits                               0x08004425   Thumb Code   366  printfa.o(i._fp_digits)
    i._printf_core                           0x080045a8   Section        0  printfa.o(i._printf_core)
    _printf_core                             0x080045a9   Thumb Code  1704  printfa.o(i._printf_core)
    i._printf_post_padding                   0x08004c5c   Section        0  printfa.o(i._printf_post_padding)
    _printf_post_padding                     0x08004c5d   Thumb Code    36  printfa.o(i._printf_post_padding)
    i._printf_pre_padding                    0x08004c80   Section        0  printfa.o(i._printf_pre_padding)
    _printf_pre_padding                      0x08004c81   Thumb Code    46  printfa.o(i._printf_pre_padding)
    i.app_flight_get_euler_angle             0x08004cb0   Section        0  app_flight.o(i.app_flight_get_euler_angle)
    i.app_flight_init                        0x08004e58   Section        0  app_flight.o(i.app_flight_init)
    i.app_process_connect_state              0x08004e60   Section        0  app_recv_data.o(i.app_process_connect_state)
    i.app_process_flight_state               0x08004e90   Section        0  app_recv_data.o(i.app_process_flight_state)
    i.app_recv_data                          0x08004f0c   Section        0  app_recv_data.o(i.app_recv_data)
    i.app_throttle_unlock                    0x08005190   Section        0  app_recv_data.o(i.app_throttle_unlock)
    app_throttle_unlock                      0x08005191   Thumb Code   198  app_recv_data.o(i.app_throttle_unlock)
    i.asin                                   0x0800526c   Section        0  asin.o(i.asin)
    i.atan2f                                 0x080054dc   Section        0  atan2f.o(i.atan2f)
    i.communicate_task                       0x08005780   Section        0  app_task.o(i.communicate_task)
    i.flight_task                            0x08005864   Section        0  app_task.o(i.flight_task)
    i.fputc                                  0x08005914   Section        0  com_debug.o(i.fputc)
    i.int_ip5305t_shutdown                   0x08005930   Section        0  int_ip5305t.o(i.int_ip5305t_shutdown)
    i.int_ip5305t_start                      0x08005974   Section        0  int_ip5305t.o(i.int_ip5305t_start)
    i.int_led_off                            0x08005998   Section        0  int_led.o(i.int_led_off)
    i.int_led_on                             0x080059a8   Section        0  int_led.o(i.int_led_on)
    i.int_led_toggle                         0x080059b8   Section        0  int_led.o(i.int_led_toggle)
    i.int_mpu6050_get_accel                  0x080059c8   Section        0  int_mpu6050.o(i.int_mpu6050_get_accel)
    i.int_mpu6050_get_data                   0x08005a54   Section        0  int_mpu6050.o(i.int_mpu6050_get_data)
    i.int_mpu6050_get_gyro                   0x08005a68   Section        0  int_mpu6050.o(i.int_mpu6050_get_gyro)
    i.int_mpu6050_init                       0x08005af4   Section        0  int_mpu6050.o(i.int_mpu6050_init)
    i.int_mpu6050_reg_read                   0x08005b64   Section        0  int_mpu6050.o(i.int_mpu6050_reg_read)
    int_mpu6050_reg_read                     0x08005b65   Thumb Code    32  int_mpu6050.o(i.int_mpu6050_reg_read)
    i.int_mpu6050_reg_write                  0x08005b88   Section        0  int_mpu6050.o(i.int_mpu6050_reg_write)
    int_mpu6050_reg_write                    0x08005b89   Thumb Code    36  int_mpu6050.o(i.int_mpu6050_reg_write)
    i.int_mput6050_calc_offset               0x08005bb0   Section        0  int_mpu6050.o(i.int_mput6050_calc_offset)
    i.int_si24r1_check                       0x08005cf8   Section        0  int_si24r1.o(i.int_si24r1_check)
    int_si24r1_check                         0x08005cf9   Thumb Code    64  int_si24r1.o(i.int_si24r1_check)
    i.int_si24r1_init                        0x08005d40   Section        0  int_si24r1.o(i.int_si24r1_init)
    i.int_si24r1_read_buf                    0x08005e00   Section        0  int_si24r1.o(i.int_si24r1_read_buf)
    i.int_si24r1_read_reg                    0x08005e44   Section        0  int_si24r1.o(i.int_si24r1_read_reg)
    i.int_si24r1_rx_mode                     0x08005e74   Section        0  int_si24r1.o(i.int_si24r1_rx_mode)
    i.int_si24r1_rx_packet                   0x08005ed8   Section        0  int_si24r1.o(i.int_si24r1_rx_packet)
    i.int_si24r1_write_buf                   0x08005f0c   Section        0  int_si24r1.o(i.int_si24r1_write_buf)
    i.int_si24r1_write_reg                   0x08005f50   Section        0  int_si24r1.o(i.int_si24r1_write_reg)
    i.led_task                               0x08005f80   Section        0  app_task.o(i.led_task)
    i.main                                   0x080060e0   Section        0  main.o(i.main)
    i.power_task                             0x08006114   Section        0  app_task.o(i.power_task)
    i.prvAddCurrentTaskToDelayedList         0x080061c4   Section        0  tasks.o(i.prvAddCurrentTaskToDelayedList)
    prvAddCurrentTaskToDelayedList           0x080061c5   Thumb Code   164  tasks.o(i.prvAddCurrentTaskToDelayedList)
    i.prvAddNewTaskToReadyList               0x08006284   Section        0  tasks.o(i.prvAddNewTaskToReadyList)
    prvAddNewTaskToReadyList                 0x08006285   Thumb Code   200  tasks.o(i.prvAddNewTaskToReadyList)
    i.prvCheckTasksWaitingTermination        0x08006368   Section        0  tasks.o(i.prvCheckTasksWaitingTermination)
    prvCheckTasksWaitingTermination          0x08006369   Thumb Code    60  tasks.o(i.prvCheckTasksWaitingTermination)
    i.prvDeleteTCB                           0x080063b0   Section        0  tasks.o(i.prvDeleteTCB)
    prvDeleteTCB                             0x080063b1   Thumb Code    18  tasks.o(i.prvDeleteTCB)
    i.prvHeapInit                            0x080063c4   Section        0  heap_4.o(i.prvHeapInit)
    prvHeapInit                              0x080063c5   Thumb Code    90  heap_4.o(i.prvHeapInit)
    i.prvIdleTask                            0x08006434   Section        0  tasks.o(i.prvIdleTask)
    prvIdleTask                              0x08006435   Thumb Code    32  tasks.o(i.prvIdleTask)
    i.prvInitialiseNewTask                   0x0800645c   Section        0  tasks.o(i.prvInitialiseNewTask)
    prvInitialiseNewTask                     0x0800645d   Thumb Code   122  tasks.o(i.prvInitialiseNewTask)
    i.prvInitialiseTaskLists                 0x080064d8   Section        0  tasks.o(i.prvInitialiseTaskLists)
    prvInitialiseTaskLists                   0x080064d9   Thumb Code    70  tasks.o(i.prvInitialiseTaskLists)
    i.prvInsertBlockIntoFreeList             0x08006540   Section        0  heap_4.o(i.prvInsertBlockIntoFreeList)
    prvInsertBlockIntoFreeList               0x08006541   Thumb Code    96  heap_4.o(i.prvInsertBlockIntoFreeList)
    i.prvResetNextTaskUnblockTime            0x080065a8   Section        0  tasks.o(i.prvResetNextTaskUnblockTime)
    prvResetNextTaskUnblockTime              0x080065a9   Thumb Code    40  tasks.o(i.prvResetNextTaskUnblockTime)
    i.prvTaskExitError                       0x080065d8   Section        0  port.o(i.prvTaskExitError)
    prvTaskExitError                         0x080065d9   Thumb Code    22  port.o(i.prvTaskExitError)
    i.pvPortMalloc                           0x080065f0   Section        0  heap_4.o(i.pvPortMalloc)
    i.pxPortInitialiseStack                  0x080066d4   Section        0  port.o(i.pxPortInitialiseStack)
    i.sqrt                                   0x080066f8   Section        0  sqrt.o(i.sqrt)
    i.task_entry                             0x08006744   Section        0  app_task.o(i.task_entry)
    i.ulTaskGenericNotifyTake                0x080067f4   Section        0  tasks.o(i.ulTaskGenericNotifyTake)
    i.uxListRemove                           0x0800687c   Section        0  list.o(i.uxListRemove)
    i.vListInitialise                        0x080068a4   Section        0  list.o(i.vListInitialise)
    i.vListInitialiseItem                    0x080068be   Section        0  list.o(i.vListInitialiseItem)
    i.vListInsert                            0x080068c4   Section        0  list.o(i.vListInsert)
    i.vPortEnterCritical                     0x080068f8   Section        0  port.o(i.vPortEnterCritical)
    i.vPortExitCritical                      0x0800691c   Section        0  port.o(i.vPortExitCritical)
    i.vPortFree                              0x0800693c   Section        0  heap_4.o(i.vPortFree)
    i.vPortSetupTimerInterrupt               0x08006988   Section        0  port.o(i.vPortSetupTimerInterrupt)
    i.vTaskDelay                             0x080069a0   Section        0  tasks.o(i.vTaskDelay)
    i.vTaskStartScheduler                    0x080069d4   Section        0  tasks.o(i.vTaskStartScheduler)
    i.vTaskSuspendAll                        0x08006a40   Section        0  tasks.o(i.vTaskSuspendAll)
    i.vTaskSwitchContext                     0x08006a50   Section        0  tasks.o(i.vTaskSwitchContext)
    i.xPortStartScheduler                    0x08006ab0   Section        0  port.o(i.xPortStartScheduler)
    i.xPortSysTickHandler                    0x08006ae4   Section        0  port.o(i.xPortSysTickHandler)
    i.xTaskCreate                            0x08006b18   Section        0  tasks.o(i.xTaskCreate)
    i.xTaskDelayUntil                        0x08006b80   Section        0  tasks.o(i.xTaskDelayUntil)
    i.xTaskGenericNotify                     0x08006bf4   Section        0  tasks.o(i.xTaskGenericNotify)
    i.xTaskGetSchedulerState                 0x08006d40   Section        0  tasks.o(i.xTaskGetSchedulerState)
    i.xTaskGetTickCount                      0x08006d60   Section        0  tasks.o(i.xTaskGetTickCount)
    i.xTaskIncrementTick                     0x08006d6c   Section        0  tasks.o(i.xTaskIncrementTick)
    i.xTaskResumeAll                         0x08006efc   Section        0  tasks.o(i.xTaskResumeAll)
    .constdata                               0x08007058   Section       18  stm32f1xx_hal_rcc.o(.constdata)
    aPLLMULFactorTable                       0x08007058   Data          16  stm32f1xx_hal_rcc.o(.constdata)
    aPredivFactorTable                       0x08007068   Data           2  stm32f1xx_hal_rcc.o(.constdata)
    .constdata                               0x0800706a   Section       24  system_stm32f1xx.o(.constdata)
    .constdata                               0x08007088   Section       80  asin.o(.constdata)
    pS                                       0x08007088   Data          48  asin.o(.constdata)
    qS                                       0x080070b8   Data          32  asin.o(.constdata)
    .data                                    0x20000000   Section        9  stm32f1xx_hal.o(.data)
    .data                                    0x2000000c   Section        4  system_stm32f1xx.o(.data)
    .data                                    0x20000010   Section       72  com_filter.o(.data)
    .data                                    0x20000058   Section       48  com_imu.o(.data)
    normAccz                                 0x20000068   Data           8  com_imu.o(.data)
    KpDef                                    0x20000070   Data           4  com_imu.o(.data)
    KiDef                                    0x20000074   Data           4  com_imu.o(.data)
    NumQ                                     0x20000078   Data          16  com_imu.o(.data)
    .data                                    0x20000088   Section       64  tasks.o(.data)
    pxDelayedTaskList                        0x2000008c   Data           4  tasks.o(.data)
    pxOverflowDelayedTaskList                0x20000090   Data           4  tasks.o(.data)
    uxDeletedTasksWaitingCleanUp             0x20000094   Data           4  tasks.o(.data)
    uxCurrentNumberOfTasks                   0x20000098   Data           4  tasks.o(.data)
    xTickCount                               0x2000009c   Data           4  tasks.o(.data)
    uxTopReadyPriority                       0x200000a0   Data           4  tasks.o(.data)
    xSchedulerRunning                        0x200000a4   Data           4  tasks.o(.data)
    xPendedTicks                             0x200000a8   Data           4  tasks.o(.data)
    xYieldPending                            0x200000ac   Data           4  tasks.o(.data)
    xNumOfOverflows                          0x200000b0   Data           4  tasks.o(.data)
    uxTaskNumber                             0x200000b4   Data           4  tasks.o(.data)
    xNextTaskUnblockTime                     0x200000b8   Data           4  tasks.o(.data)
    xIdleTaskHandle                          0x200000bc   Data           4  tasks.o(.data)
    uxSchedulerSuspended                     0x200000c4   Data           4  tasks.o(.data)
    .data                                    0x200000c8   Section       28  heap_4.o(.data)
    xStart                                   0x200000c8   Data           8  heap_4.o(.data)
    pxEnd                                    0x200000d0   Data           4  heap_4.o(.data)
    xFreeBytesRemaining                      0x200000d4   Data           4  heap_4.o(.data)
    xMinimumEverFreeBytesRemaining           0x200000d8   Data           4  heap_4.o(.data)
    xNumberOfSuccessfulAllocations           0x200000dc   Data           4  heap_4.o(.data)
    xNumberOfSuccessfulFrees                 0x200000e0   Data           4  heap_4.o(.data)
    .data                                    0x200000e4   Section        4  port.o(.data)
    uxCriticalNesting                        0x200000e4   Data           4  port.o(.data)
    .data                                    0x200000e8   Section       88  app_task.o(.data)
    motor_left_top                           0x200000e8   Data           8  app_task.o(.data)
    motor_left_bottom                        0x200000f0   Data           8  app_task.o(.data)
    motor_right_top                          0x200000f8   Data           8  app_task.o(.data)
    motor_right_bottom                       0x20000100   Data           8  app_task.o(.data)
    led_left_top                             0x20000108   Data           8  app_task.o(.data)
    led_left_bottom                          0x20000110   Data           8  app_task.o(.data)
    led_right_top                            0x20000118   Data           8  app_task.o(.data)
    led_right_bottom                         0x20000120   Data           8  app_task.o(.data)
    .data                                    0x20000140   Section       13  app_recv_data.o(.data)
    thr_state                                0x20000140   Data           1  app_recv_data.o(.data)
    enter_max_time                           0x20000144   Data           4  app_recv_data.o(.data)
    enter_min_time                           0x20000148   Data           4  app_recv_data.o(.data)
    retry_count                              0x2000014c   Data           1  app_recv_data.o(.data)
    .data                                    0x2000014e   Section        6  app_flight.o(.data)
    last_gyro                                0x2000014e   Data           6  app_flight.o(.data)
    .data                                    0x20000154   Section       10  int_si24r1.o(.data)
    si24r1_rx_buf                            0x20000159   Data           5  int_si24r1.o(.data)
    .data                                    0x2000015e   Section       12  int_mpu6050.o(.data)
    .data                                    0x2000016c   Section        4  stdout.o(.data)
    .data                                    0x20000170   Section        4  errno.o(.data)
    _errno                                   0x20000170   Data           4  errno.o(.data)
    .bss                                     0x20000174   Section       84  i2c.o(.bss)
    .bss                                     0x200001c8   Section       88  spi.o(.bss)
    .bss                                     0x20000220   Section      288  tim.o(.bss)
    .bss                                     0x20000340   Section       72  usart.o(.bss)
    .bss                                     0x20000388   Section       12  com_imu.o(.bss)
    GyroIntegError                           0x20000388   Data          12  com_imu.o(.bss)
    .bss                                     0x20000394   Section      200  tasks.o(.bss)
    pxReadyTasksLists                        0x20000394   Data         100  tasks.o(.bss)
    xDelayedTaskList1                        0x200003f8   Data          20  tasks.o(.bss)
    xDelayedTaskList2                        0x2000040c   Data          20  tasks.o(.bss)
    xPendingReadyList                        0x20000420   Data          20  tasks.o(.bss)
    xTasksWaitingTermination                 0x20000434   Data          20  tasks.o(.bss)
    xSuspendedTaskList                       0x20000448   Data          20  tasks.o(.bss)
    .bss                                     0x2000045c   Section    17408  heap_4.o(.bss)
    ucHeap                                   0x2000045c   Data       17408  heap_4.o(.bss)
    .bss                                     0x2000485c   Section       24  app_task.o(.bss)
    .bss                                     0x20004874   Section       17  app_recv_data.o(.bss)
    recv_buf                                 0x20004874   Data          17  app_recv_data.o(.bss)
    .bss                                     0x20004886   Section       12  app_flight.o(.bss)
    mpu_data                                 0x20004886   Data          12  app_flight.o(.bss)
    STACK                                    0x20004898   Section     1024  startup_stm32f103xb.o(STACK)

    Global Symbols

    Symbol Name                              Value     Ov Type        Size  Object(Section)

    BuildAttributes$$THM_ISAv4$P$D$K$B$S$PE$A:L22UL41UL21$X:L11$S22US41US21$IEEE1$IW$USESV6$~STKCKD$USESV7$~SHL$OTIME$ROPI$IEEEX$EBA8$MICROLIB$REQ8$PRES8$EABIv2 0x00000000   Number         0  anon$$obj.o ABSOLUTE
    __ARM_use_no_argv                        0x00000000   Number         0  main.o ABSOLUTE
    _printf_a                                0x00000000   Number         0  stubs.o ABSOLUTE
    _printf_c                                0x00000000   Number         0  stubs.o ABSOLUTE
    _printf_charcount                        0x00000000   Number         0  stubs.o ABSOLUTE
    _printf_d                                0x00000000   Number         0  stubs.o ABSOLUTE
    _printf_e                                0x00000000   Number         0  stubs.o ABSOLUTE
    _printf_f                                0x00000000   Number         0  stubs.o ABSOLUTE
    _printf_flags                            0x00000000   Number         0  stubs.o ABSOLUTE
    _printf_fp_dec                           0x00000000   Number         0  stubs.o ABSOLUTE
    _printf_fp_hex                           0x00000000   Number         0  stubs.o ABSOLUTE
    _printf_g                                0x00000000   Number         0  stubs.o ABSOLUTE
    _printf_i                                0x00000000   Number         0  stubs.o ABSOLUTE
    _printf_int_dec                          0x00000000   Number         0  stubs.o ABSOLUTE
    _printf_l                                0x00000000   Number         0  stubs.o ABSOLUTE
    _printf_lc                               0x00000000   Number         0  stubs.o ABSOLUTE
    _printf_ll                               0x00000000   Number         0  stubs.o ABSOLUTE
    _printf_lld                              0x00000000   Number         0  stubs.o ABSOLUTE
    _printf_lli                              0x00000000   Number         0  stubs.o ABSOLUTE
    _printf_llo                              0x00000000   Number         0  stubs.o ABSOLUTE
    _printf_llu                              0x00000000   Number         0  stubs.o ABSOLUTE
    _printf_llx                              0x00000000   Number         0  stubs.o ABSOLUTE
    _printf_longlong_dec                     0x00000000   Number         0  stubs.o ABSOLUTE
    _printf_longlong_hex                     0x00000000   Number         0  stubs.o ABSOLUTE
    _printf_longlong_oct                     0x00000000   Number         0  stubs.o ABSOLUTE
    _printf_ls                               0x00000000   Number         0  stubs.o ABSOLUTE
    _printf_mbtowc                           0x00000000   Number         0  stubs.o ABSOLUTE
    _printf_n                                0x00000000   Number         0  stubs.o ABSOLUTE
    _printf_o                                0x00000000   Number         0  stubs.o ABSOLUTE
    _printf_p                                0x00000000   Number         0  stubs.o ABSOLUTE
    _printf_percent                          0x00000000   Number         0  stubs.o ABSOLUTE
    _printf_pre_padding                      0x00000000   Number         0  stubs.o ABSOLUTE
    _printf_return_value                     0x00000000   Number         0  stubs.o ABSOLUTE
    _printf_s                                0x00000000   Number         0  stubs.o ABSOLUTE
    _printf_sizespec                         0x00000000   Number         0  stubs.o ABSOLUTE
    _printf_str                              0x00000000   Number         0  stubs.o ABSOLUTE
    _printf_truncate_signed                  0x00000000   Number         0  stubs.o ABSOLUTE
    _printf_truncate_unsigned                0x00000000   Number         0  stubs.o ABSOLUTE
    _printf_u                                0x00000000   Number         0  stubs.o ABSOLUTE
    _printf_wc                               0x00000000   Number         0  stubs.o ABSOLUTE
    _printf_wctomb                           0x00000000   Number         0  stubs.o ABSOLUTE
    _printf_widthprec                        0x00000000   Number         0  stubs.o ABSOLUTE
    _printf_x                                0x00000000   Number         0  stubs.o ABSOLUTE
    __arm_fini_                               - Undefined Weak Reference
    __cpp_initialize__aeabi_                  - Undefined Weak Reference
    __cxa_finalize                            - Undefined Weak Reference
    _clock_init                               - Undefined Weak Reference
    _microlib_exit                            - Undefined Weak Reference
    __Vectors_Size                           0x000000ec   Number         0  startup_stm32f103xb.o ABSOLUTE
    __Vectors                                0x08000000   Data           4  startup_stm32f103xb.o(RESET)
    __Vectors_End                            0x080000ec   Data           0  startup_stm32f103xb.o(RESET)
    __main                                   0x080000ed   Thumb Code     0  entry.o(.ARM.Collect$$$$00000000)
    _main_stk                                0x080000ed   Thumb Code     0  entry2.o(.ARM.Collect$$$$00000001)
    _main_scatterload                        0x080000f1   Thumb Code     0  entry5.o(.ARM.Collect$$$$00000004)
    __main_after_scatterload                 0x080000f5   Thumb Code     0  entry5.o(.ARM.Collect$$$$00000004)
    _main_clock                              0x080000f5   Thumb Code     0  entry7b.o(.ARM.Collect$$$$00000008)
    _main_cpp_init                           0x080000f5   Thumb Code     0  entry8b.o(.ARM.Collect$$$$0000000A)
    _main_init                               0x080000f5   Thumb Code     0  entry9a.o(.ARM.Collect$$$$0000000B)
    __rt_lib_shutdown_fini                   0x080000fd   Thumb Code     0  entry12b.o(.ARM.Collect$$$$0000000E)
    __rt_final_cpp                           0x08000101   Thumb Code     0  entry10a.o(.ARM.Collect$$$$0000000F)
    __rt_final_exit                          0x08000101   Thumb Code     0  entry11a.o(.ARM.Collect$$$$00000011)
    SVC_Handler                              0x08000105   Thumb Code    32  port.o(.emb_text)
    __asm___6_port_c_39a90d8d__prvStartFirstTask 0x08000129   Thumb Code    28  port.o(.emb_text)
    PendSV_Handler                           0x08000149   Thumb Code    72  port.o(.emb_text)
    vPortGetIPSR                             0x08000195   Thumb Code     6  port.o(.emb_text)
    Reset_Handler                            0x0800019d   Thumb Code     8  startup_stm32f103xb.o(.text)
    ADC1_2_IRQHandler                        0x080001b7   Thumb Code     0  startup_stm32f103xb.o(.text)
    CAN1_RX1_IRQHandler                      0x080001b7   Thumb Code     0  startup_stm32f103xb.o(.text)
    CAN1_SCE_IRQHandler                      0x080001b7   Thumb Code     0  startup_stm32f103xb.o(.text)
    DMA1_Channel1_IRQHandler                 0x080001b7   Thumb Code     0  startup_stm32f103xb.o(.text)
    DMA1_Channel2_IRQHandler                 0x080001b7   Thumb Code     0  startup_stm32f103xb.o(.text)
    DMA1_Channel3_IRQHandler                 0x080001b7   Thumb Code     0  startup_stm32f103xb.o(.text)
    DMA1_Channel4_IRQHandler                 0x080001b7   Thumb Code     0  startup_stm32f103xb.o(.text)
    DMA1_Channel5_IRQHandler                 0x080001b7   Thumb Code     0  startup_stm32f103xb.o(.text)
    DMA1_Channel6_IRQHandler                 0x080001b7   Thumb Code     0  startup_stm32f103xb.o(.text)
    DMA1_Channel7_IRQHandler                 0x080001b7   Thumb Code     0  startup_stm32f103xb.o(.text)
    EXTI0_IRQHandler                         0x080001b7   Thumb Code     0  startup_stm32f103xb.o(.text)
    EXTI15_10_IRQHandler                     0x080001b7   Thumb Code     0  startup_stm32f103xb.o(.text)
    EXTI1_IRQHandler                         0x080001b7   Thumb Code     0  startup_stm32f103xb.o(.text)
    EXTI2_IRQHandler                         0x080001b7   Thumb Code     0  startup_stm32f103xb.o(.text)
    EXTI3_IRQHandler                         0x080001b7   Thumb Code     0  startup_stm32f103xb.o(.text)
    EXTI4_IRQHandler                         0x080001b7   Thumb Code     0  startup_stm32f103xb.o(.text)
    EXTI9_5_IRQHandler                       0x080001b7   Thumb Code     0  startup_stm32f103xb.o(.text)
    FLASH_IRQHandler                         0x080001b7   Thumb Code     0  startup_stm32f103xb.o(.text)
    I2C1_ER_IRQHandler                       0x080001b7   Thumb Code     0  startup_stm32f103xb.o(.text)
    I2C1_EV_IRQHandler                       0x080001b7   Thumb Code     0  startup_stm32f103xb.o(.text)
    I2C2_ER_IRQHandler                       0x080001b7   Thumb Code     0  startup_stm32f103xb.o(.text)
    I2C2_EV_IRQHandler                       0x080001b7   Thumb Code     0  startup_stm32f103xb.o(.text)
    PVD_IRQHandler                           0x080001b7   Thumb Code     0  startup_stm32f103xb.o(.text)
    RCC_IRQHandler                           0x080001b7   Thumb Code     0  startup_stm32f103xb.o(.text)
    RTC_Alarm_IRQHandler                     0x080001b7   Thumb Code     0  startup_stm32f103xb.o(.text)
    RTC_IRQHandler                           0x080001b7   Thumb Code     0  startup_stm32f103xb.o(.text)
    SPI1_IRQHandler                          0x080001b7   Thumb Code     0  startup_stm32f103xb.o(.text)
    SPI2_IRQHandler                          0x080001b7   Thumb Code     0  startup_stm32f103xb.o(.text)
    TAMPER_IRQHandler                        0x080001b7   Thumb Code     0  startup_stm32f103xb.o(.text)
    TIM1_BRK_IRQHandler                      0x080001b7   Thumb Code     0  startup_stm32f103xb.o(.text)
    TIM1_CC_IRQHandler                       0x080001b7   Thumb Code     0  startup_stm32f103xb.o(.text)
    TIM1_TRG_COM_IRQHandler                  0x080001b7   Thumb Code     0  startup_stm32f103xb.o(.text)
    TIM1_UP_IRQHandler                       0x080001b7   Thumb Code     0  startup_stm32f103xb.o(.text)
    TIM2_IRQHandler                          0x080001b7   Thumb Code     0  startup_stm32f103xb.o(.text)
    TIM3_IRQHandler                          0x080001b7   Thumb Code     0  startup_stm32f103xb.o(.text)
    TIM4_IRQHandler                          0x080001b7   Thumb Code     0  startup_stm32f103xb.o(.text)
    USART1_IRQHandler                        0x080001b7   Thumb Code     0  startup_stm32f103xb.o(.text)
    USART2_IRQHandler                        0x080001b7   Thumb Code     0  startup_stm32f103xb.o(.text)
    USART3_IRQHandler                        0x080001b7   Thumb Code     0  startup_stm32f103xb.o(.text)
    USBWakeUp_IRQHandler                     0x080001b7   Thumb Code     0  startup_stm32f103xb.o(.text)
    USB_HP_CAN1_TX_IRQHandler                0x080001b7   Thumb Code     0  startup_stm32f103xb.o(.text)
    USB_LP_CAN1_RX0_IRQHandler               0x080001b7   Thumb Code     0  startup_stm32f103xb.o(.text)
    WWDG_IRQHandler                          0x080001b7   Thumb Code     0  startup_stm32f103xb.o(.text)
    __aeabi_llsr                             0x080001c1   Thumb Code    32  llushr.o(.text)
    _ll_ushift_r                             0x080001c1   Thumb Code     0  llushr.o(.text)
    __aeabi_memset                           0x080001e1   Thumb Code    14  memseta.o(.text)
    __aeabi_memset4                          0x080001e1   Thumb Code     0  memseta.o(.text)
    __aeabi_memset8                          0x080001e1   Thumb Code     0  memseta.o(.text)
    __aeabi_memclr                           0x080001ef   Thumb Code     4  memseta.o(.text)
    __aeabi_memclr4                          0x080001ef   Thumb Code     0  memseta.o(.text)
    __aeabi_memclr8                          0x080001ef   Thumb Code     0  memseta.o(.text)
    _memset$wrapper                          0x080001f3   Thumb Code    18  memseta.o(.text)
    strrchr                                  0x08000205   Thumb Code    22  strrchr.o(.text)
    __aeabi_fadd                             0x0800021b   Thumb Code   164  fadd.o(.text)
    __aeabi_fsub                             0x080002bf   Thumb Code     6  fadd.o(.text)
    __aeabi_frsub                            0x080002c5   Thumb Code     6  fadd.o(.text)
    __aeabi_fmul                             0x080002cb   Thumb Code   100  fmul.o(.text)
    __aeabi_fdiv                             0x0800032f   Thumb Code   124  fdiv.o(.text)
    __aeabi_dadd                             0x080003ab   Thumb Code   322  dadd.o(.text)
    __aeabi_dsub                             0x080004ed   Thumb Code     6  dadd.o(.text)
    __aeabi_drsub                            0x080004f3   Thumb Code     6  dadd.o(.text)
    __aeabi_dmul                             0x080004f9   Thumb Code   228  dmul.o(.text)
    __aeabi_i2f                              0x080005dd   Thumb Code    18  fflti.o(.text)
    __aeabi_i2d                              0x080005ef   Thumb Code    34  dflti.o(.text)
    __aeabi_d2iz                             0x08000611   Thumb Code    62  dfixi.o(.text)
    __aeabi_f2d                              0x0800064f   Thumb Code    38  f2d.o(.text)
    __aeabi_cdcmpeq                          0x08000675   Thumb Code     0  cdcmple.o(.text)
    __aeabi_cdcmple                          0x08000675   Thumb Code    48  cdcmple.o(.text)
    __aeabi_d2f                              0x080006a5   Thumb Code    56  d2f.o(.text)
    __aeabi_cfrcmple                         0x080006dd   Thumb Code    20  cfrcmple.o(.text)
    __aeabi_uidiv                            0x080006f1   Thumb Code     0  uidiv.o(.text)
    __aeabi_uidivmod                         0x080006f1   Thumb Code    44  uidiv.o(.text)
    __aeabi_uldivmod                         0x0800071d   Thumb Code    98  uldiv.o(.text)
    __aeabi_llsl                             0x0800077f   Thumb Code    30  llshl.o(.text)
    _ll_shift_l                              0x0800077f   Thumb Code     0  llshl.o(.text)
    __aeabi_lasr                             0x0800079d   Thumb Code    36  llsshr.o(.text)
    _ll_sshift_r                             0x0800079d   Thumb Code     0  llsshr.o(.text)
    __I$use$fp                               0x080007c1   Thumb Code     0  iusefp.o(.text)
    _float_round                             0x080007c1   Thumb Code    18  fepilogue.o(.text)
    _float_epilogue                          0x080007d3   Thumb Code    92  fepilogue.o(.text)
    _double_round                            0x0800082f   Thumb Code    30  depilogue.o(.text)
    _double_epilogue                         0x0800084d   Thumb Code   156  depilogue.o(.text)
    __aeabi_ddiv                             0x080008e9   Thumb Code   222  ddiv.o(.text)
    __ARM_scalbn                             0x080009c7   Thumb Code    46  dscalb.o(.text)
    scalbn                                   0x080009c7   Thumb Code     0  dscalb.o(.text)
    __aeabi_d2ulz                            0x080009f5   Thumb Code    48  dfixul.o(.text)
    __aeabi_cdrcmple                         0x08000a25   Thumb Code    48  cdrcmple.o(.text)
    __scatterload                            0x08000a55   Thumb Code    28  init.o(.text)
    __scatterload_rt2                        0x08000a55   Thumb Code     0  init.o(.text)
    __ARM_scalbnf                            0x08000a79   Thumb Code    24  fscalb.o(.text)
    scalbnf                                  0x08000a79   Thumb Code     0  fscalb.o(.text)
    _dsqrt                                   0x08000a91   Thumb Code   162  dsqrt.o(.text)
    __decompress                             0x08000b33   Thumb Code     0  __dczerorl2.o(.text)
    __decompress1                            0x08000b33   Thumb Code    86  __dczerorl2.o(.text)
    BusFault_Handler                         0x08000b89   Thumb Code     4  stm32f1xx_it.o(i.BusFault_Handler)
    Common_Filter_KalmanFilter               0x08000b8d   Thumb Code   174  com_filter.o(i.Common_Filter_KalmanFilter)
    Common_Filter_LowPass                    0x08000c3d   Thumb Code    72  com_filter.o(i.Common_Filter_LowPass)
    Common_IMU_GetEulerAngle                 0x08000c8d   Thumb Code  1892  com_imu.o(i.Common_IMU_GetEulerAngle)
    DebugMon_Handler                         0x08001405   Thumb Code     2  stm32f1xx_it.o(i.DebugMon_Handler)
    Error_Handler                            0x08001407   Thumb Code     6  main.o(i.Error_Handler)
    HAL_Delay                                0x0800140d   Thumb Code    36  stm32f1xx_hal.o(i.HAL_Delay)
    HAL_GPIO_Init                            0x08001435   Thumb Code   766  stm32f1xx_hal_gpio.o(i.HAL_GPIO_Init)
    HAL_GPIO_TogglePin                       0x08001755   Thumb Code    20  stm32f1xx_hal_gpio.o(i.HAL_GPIO_TogglePin)
    HAL_GPIO_WritePin                        0x08001769   Thumb Code    12  stm32f1xx_hal_gpio.o(i.HAL_GPIO_WritePin)
    HAL_GetTick                              0x08001775   Thumb Code     6  stm32f1xx_hal.o(i.HAL_GetTick)
    HAL_I2C_Init                             0x08001781   Thumb Code   446  stm32f1xx_hal_i2c.o(i.HAL_I2C_Init)
    HAL_I2C_Mem_Read                         0x08001951   Thumb Code   868  stm32f1xx_hal_i2c.o(i.HAL_I2C_Mem_Read)
    HAL_I2C_Mem_Write                        0x08001cc5   Thumb Code   348  stm32f1xx_hal_i2c.o(i.HAL_I2C_Mem_Write)
    HAL_I2C_MspInit                          0x08001e29   Thumb Code   104  i2c.o(i.HAL_I2C_MspInit)
    HAL_IncTick                              0x08001e9d   Thumb Code    16  stm32f1xx_hal.o(i.HAL_IncTick)
    HAL_Init                                 0x08001eb5   Thumb Code    34  stm32f1xx_hal.o(i.HAL_Init)
    HAL_InitTick                             0x08001edd   Thumb Code    64  stm32f1xx_hal.o(i.HAL_InitTick)
    HAL_MspInit                              0x08001f29   Thumb Code    76  stm32f1xx_hal_msp.o(i.HAL_MspInit)
    HAL_NVIC_SetPriority                     0x08001f7d   Thumb Code   124  stm32f1xx_hal_cortex.o(i.HAL_NVIC_SetPriority)
    HAL_NVIC_SetPriorityGrouping             0x08001ff9   Thumb Code    32  stm32f1xx_hal_cortex.o(i.HAL_NVIC_SetPriorityGrouping)
    HAL_RCC_ClockConfig                      0x08002021   Thumb Code   376  stm32f1xx_hal_rcc.o(i.HAL_RCC_ClockConfig)
    HAL_RCC_GetHCLKFreq                      0x080021ad   Thumb Code     6  stm32f1xx_hal_rcc.o(i.HAL_RCC_GetHCLKFreq)
    HAL_RCC_GetPCLK1Freq                     0x080021b9   Thumb Code    22  stm32f1xx_hal_rcc.o(i.HAL_RCC_GetPCLK1Freq)
    HAL_RCC_GetPCLK2Freq                     0x080021d9   Thumb Code    22  stm32f1xx_hal_rcc.o(i.HAL_RCC_GetPCLK2Freq)
    HAL_RCC_GetSysClockFreq                  0x080021f9   Thumb Code    92  stm32f1xx_hal_rcc.o(i.HAL_RCC_GetSysClockFreq)
    HAL_RCC_OscConfig                        0x08002269   Thumb Code  1114  stm32f1xx_hal_rcc.o(i.HAL_RCC_OscConfig)
    HAL_SPI_Init                             0x080026cd   Thumb Code   190  stm32f1xx_hal_spi.o(i.HAL_SPI_Init)
    HAL_SPI_MspInit                          0x0800278d   Thumb Code   120  spi.o(i.HAL_SPI_MspInit)
    HAL_SPI_TransmitReceive                  0x08002811   Thumb Code   584  stm32f1xx_hal_spi.o(i.HAL_SPI_TransmitReceive)
    HAL_SYSTICK_Config                       0x08002a59   Thumb Code    52  stm32f1xx_hal_cortex.o(i.HAL_SYSTICK_Config)
    HAL_TIMEx_ConfigBreakDeadTime            0x08002a8d   Thumb Code   116  stm32f1xx_hal_tim_ex.o(i.HAL_TIMEx_ConfigBreakDeadTime)
    HAL_TIMEx_MasterConfigSynchronization    0x08002b01   Thumb Code   118  stm32f1xx_hal_tim_ex.o(i.HAL_TIMEx_MasterConfigSynchronization)
    HAL_TIM_Base_Init                        0x08002b85   Thumb Code   102  stm32f1xx_hal_tim.o(i.HAL_TIM_Base_Init)
    HAL_TIM_Base_MspInit                     0x08002bed   Thumb Code   148  tim.o(i.HAL_TIM_Base_MspInit)
    HAL_TIM_ConfigClockSource                0x08002c91   Thumb Code   268  stm32f1xx_hal_tim.o(i.HAL_TIM_ConfigClockSource)
    HAL_TIM_MspPostInit                      0x08002d9d   Thumb Code   260  tim.o(i.HAL_TIM_MspPostInit)
    HAL_TIM_PWM_ConfigChannel                0x08002ebd   Thumb Code   260  stm32f1xx_hal_tim.o(i.HAL_TIM_PWM_ConfigChannel)
    HAL_TIM_PWM_Init                         0x08002fc1   Thumb Code   102  stm32f1xx_hal_tim.o(i.HAL_TIM_PWM_Init)
    HAL_TIM_PWM_MspInit                      0x08003027   Thumb Code     2  stm32f1xx_hal_tim.o(i.HAL_TIM_PWM_MspInit)
    HAL_UART_Init                            0x08003029   Thumb Code   118  stm32f1xx_hal_uart.o(i.HAL_UART_Init)
    HAL_UART_MspInit                         0x080030a1   Thumb Code   120  usart.o(i.HAL_UART_MspInit)
    HAL_UART_Transmit                        0x08003125   Thumb Code   190  stm32f1xx_hal_uart.o(i.HAL_UART_Transmit)
    HardFault_Handler                        0x080031e3   Thumb Code     4  stm32f1xx_it.o(i.HardFault_Handler)
    MX_GPIO_Init                             0x08003775   Thumb Code   212  gpio.o(i.MX_GPIO_Init)
    MX_I2C1_Init                             0x08003855   Thumb Code    48  i2c.o(i.MX_I2C1_Init)
    MX_SPI1_Init                             0x08003891   Thumb Code    60  spi.o(i.MX_SPI1_Init)
    MX_TIM1_Init                             0x080038d5   Thumb Code   208  tim.o(i.MX_TIM1_Init)
    MX_TIM2_Init                             0x080039ad   Thumb Code   158  tim.o(i.MX_TIM2_Init)
    MX_TIM3_Init                             0x08003a51   Thumb Code   156  tim.o(i.MX_TIM3_Init)
    MX_TIM4_Init                             0x08003af5   Thumb Code   156  tim.o(i.MX_TIM4_Init)
    MX_USART2_UART_Init                      0x08003b99   Thumb Code    46  usart.o(i.MX_USART2_UART_Init)
    MemManage_Handler                        0x08003bd1   Thumb Code     4  stm32f1xx_it.o(i.MemManage_Handler)
    NMI_Handler                              0x08003bd5   Thumb Code     4  stm32f1xx_it.o(i.NMI_Handler)
    SysTick_Handler                          0x08003d91   Thumb Code    20  stm32f1xx_it.o(i.SysTick_Handler)
    SystemClock_Config                       0x08003da5   Thumb Code   102  main.o(i.SystemClock_Config)
    SystemInit                               0x08003e0b   Thumb Code     2  system_stm32f1xx.o(i.SystemInit)
    TIM_Base_SetConfig                       0x08003e0d   Thumb Code   120  stm32f1xx_hal_tim.o(i.TIM_Base_SetConfig)
    TIM_ETR_SetConfig                        0x08003e91   Thumb Code    22  stm32f1xx_hal_tim.o(i.TIM_ETR_SetConfig)
    TIM_OC2_SetConfig                        0x08003f19   Thumb Code   100  stm32f1xx_hal_tim.o(i.TIM_OC2_SetConfig)
    UsageFault_Handler                       0x08004275   Thumb Code     4  stm32f1xx_it.o(i.UsageFault_Handler)
    __0printf                                0x08004279   Thumb Code    22  printfa.o(i.__0printf)
    __1printf                                0x08004279   Thumb Code     0  printfa.o(i.__0printf)
    __2printf                                0x08004279   Thumb Code     0  printfa.o(i.__0printf)
    __c89printf                              0x08004279   Thumb Code     0  printfa.o(i.__0printf)
    printf                                   0x08004279   Thumb Code     0  printfa.o(i.__0printf)
    __ARM_fpclassify                         0x08004299   Thumb Code    40  fpclassify.o(i.__ARM_fpclassify)
    __ARM_fpclassifyf                        0x080042c1   Thumb Code    38  fpclassifyf.o(i.__ARM_fpclassifyf)
    __kernel_poly                            0x08004321   Thumb Code   170  poly.o(i.__kernel_poly)
    __mathlib_dbl_infnan                     0x080043cb   Thumb Code     6  dunder.o(i.__mathlib_dbl_infnan)
    __mathlib_dbl_invalid                    0x080043d1   Thumb Code    12  dunder.o(i.__mathlib_dbl_invalid)
    __mathlib_dbl_underflow                  0x080043dd   Thumb Code    10  dunder.o(i.__mathlib_dbl_underflow)
    __mathlib_flt_infnan2                    0x080043ed   Thumb Code     4  funder.o(i.__mathlib_flt_infnan2)
    __mathlib_flt_underflow                  0x080043f1   Thumb Code    10  funder.o(i.__mathlib_flt_underflow)
    __scatterload_copy                       0x080043fb   Thumb Code    14  handlers.o(i.__scatterload_copy)
    __scatterload_null                       0x08004409   Thumb Code     2  handlers.o(i.__scatterload_null)
    __scatterload_zeroinit                   0x0800440b   Thumb Code    14  handlers.o(i.__scatterload_zeroinit)
    __set_errno                              0x08004419   Thumb Code     6  errno.o(i.__set_errno)
    app_flight_get_euler_angle               0x08004cb1   Thumb Code   356  app_flight.o(i.app_flight_get_euler_angle)
    app_flight_init                          0x08004e59   Thumb Code     8  app_flight.o(i.app_flight_init)
    app_process_connect_state                0x08004e61   Thumb Code    40  app_recv_data.o(i.app_process_connect_state)
    app_process_flight_state                 0x08004e91   Thumb Code   112  app_recv_data.o(i.app_process_flight_state)
    app_recv_data                            0x08004f0d   Thumb Code   494  app_recv_data.o(i.app_recv_data)
    asin                                     0x0800526d   Thumb Code   572  asin.o(i.asin)
    atan2f                                   0x080054dd   Thumb Code   598  atan2f.o(i.atan2f)
    communicate_task                         0x08005781   Thumb Code   174  app_task.o(i.communicate_task)
    flight_task                              0x08005865   Thumb Code   138  app_task.o(i.flight_task)
    fputc                                    0x08005915   Thumb Code    22  com_debug.o(i.fputc)
    int_ip5305t_shutdown                     0x08005931   Thumb Code    62  int_ip5305t.o(i.int_ip5305t_shutdown)
    int_ip5305t_start                        0x08005975   Thumb Code    30  int_ip5305t.o(i.int_ip5305t_start)
    int_led_off                              0x08005999   Thumb Code    16  int_led.o(i.int_led_off)
    int_led_on                               0x080059a9   Thumb Code    16  int_led.o(i.int_led_on)
    int_led_toggle                           0x080059b9   Thumb Code    14  int_led.o(i.int_led_toggle)
    int_mpu6050_get_accel                    0x080059c9   Thumb Code   126  int_mpu6050.o(i.int_mpu6050_get_accel)
    int_mpu6050_get_data                     0x08005a55   Thumb Code    18  int_mpu6050.o(i.int_mpu6050_get_data)
    int_mpu6050_get_gyro                     0x08005a69   Thumb Code   126  int_mpu6050.o(i.int_mpu6050_get_gyro)
    int_mpu6050_init                         0x08005af5   Thumb Code   110  int_mpu6050.o(i.int_mpu6050_init)
    int_mput6050_calc_offset                 0x08005bb1   Thumb Code   304  int_mpu6050.o(i.int_mput6050_calc_offset)
    int_si24r1_init                          0x08005d41   Thumb Code   136  int_si24r1.o(i.int_si24r1_init)
    int_si24r1_read_buf                      0x08005e01   Thumb Code    64  int_si24r1.o(i.int_si24r1_read_buf)
    int_si24r1_read_reg                      0x08005e45   Thumb Code    42  int_si24r1.o(i.int_si24r1_read_reg)
    int_si24r1_rx_mode                       0x08005e75   Thumb Code    92  int_si24r1.o(i.int_si24r1_rx_mode)
    int_si24r1_rx_packet                     0x08005ed9   Thumb Code    52  int_si24r1.o(i.int_si24r1_rx_packet)
    int_si24r1_write_buf                     0x08005f0d   Thumb Code    64  int_si24r1.o(i.int_si24r1_write_buf)
    int_si24r1_write_reg                     0x08005f51   Thumb Code    44  int_si24r1.o(i.int_si24r1_write_reg)
    led_task                                 0x08005f81   Thumb Code   292  app_task.o(i.led_task)
    main                                     0x080060e1   Thumb Code    52  main.o(i.main)
    power_task                               0x08006115   Thumb Code   138  app_task.o(i.power_task)
    pvPortMalloc                             0x080065f1   Thumb Code   208  heap_4.o(i.pvPortMalloc)
    pxPortInitialiseStack                    0x080066d5   Thumb Code    30  port.o(i.pxPortInitialiseStack)
    sqrt                                     0x080066f9   Thumb Code    76  sqrt.o(i.sqrt)
    task_entry                               0x08006745   Thumb Code    88  app_task.o(i.task_entry)
    ulTaskGenericNotifyTake                  0x080067f5   Thumb Code   128  tasks.o(i.ulTaskGenericNotifyTake)
    uxListRemove                             0x0800687d   Thumb Code    40  list.o(i.uxListRemove)
    vListInitialise                          0x080068a5   Thumb Code    26  list.o(i.vListInitialise)
    vListInitialiseItem                      0x080068bf   Thumb Code     6  list.o(i.vListInitialiseItem)
    vListInsert                              0x080068c5   Thumb Code    52  list.o(i.vListInsert)
    vPortEnterCritical                       0x080068f9   Thumb Code    30  port.o(i.vPortEnterCritical)
    vPortExitCritical                        0x0800691d   Thumb Code    28  port.o(i.vPortExitCritical)
    vPortFree                                0x0800693d   Thumb Code    68  heap_4.o(i.vPortFree)
    vPortSetupTimerInterrupt                 0x08006989   Thumb Code    20  port.o(i.vPortSetupTimerInterrupt)
    vTaskDelay                               0x080069a1   Thumb Code    46  tasks.o(i.vTaskDelay)
    vTaskStartScheduler                      0x080069d5   Thumb Code    76  tasks.o(i.vTaskStartScheduler)
    vTaskSuspendAll                          0x08006a41   Thumb Code    12  tasks.o(i.vTaskSuspendAll)
    vTaskSwitchContext                       0x08006a51   Thumb Code    76  tasks.o(i.vTaskSwitchContext)
    xPortStartScheduler                      0x08006ab1   Thumb Code    42  port.o(i.xPortStartScheduler)
    xPortSysTickHandler                      0x08006ae5   Thumb Code    46  port.o(i.xPortSysTickHandler)
    xTaskCreate                              0x08006b19   Thumb Code   104  tasks.o(i.xTaskCreate)
    xTaskDelayUntil                          0x08006b81   Thumb Code   108  tasks.o(i.xTaskDelayUntil)
    xTaskGenericNotify                       0x08006bf5   Thumb Code   314  tasks.o(i.xTaskGenericNotify)
    xTaskGetSchedulerState                   0x08006d41   Thumb Code    24  tasks.o(i.xTaskGetSchedulerState)
    xTaskGetTickCount                        0x08006d61   Thumb Code     6  tasks.o(i.xTaskGetTickCount)
    xTaskIncrementTick                       0x08006d6d   Thumb Code   356  tasks.o(i.xTaskIncrementTick)
    xTaskResumeAll                           0x08006efd   Thumb Code   310  tasks.o(i.xTaskResumeAll)
    AHBPrescTable                            0x0800706a   Data          16  system_stm32f1xx.o(.constdata)
    APBPrescTable                            0x0800707a   Data           8  system_stm32f1xx.o(.constdata)
    Region$$Table$$Base                      0x080070d8   Number         0  anon$$obj.o(Region$$Table)
    Region$$Table$$Limit                     0x080070f8   Number         0  anon$$obj.o(Region$$Table)
    uwTick                                   0x20000000   Data           4  stm32f1xx_hal.o(.data)
    uwTickPrio                               0x20000004   Data           4  stm32f1xx_hal.o(.data)
    uwTickFreq                               0x20000008   Data           1  stm32f1xx_hal.o(.data)
    SystemCoreClock                          0x2000000c   Data           4  system_stm32f1xx.o(.data)
    kfs                                      0x20000010   Data          72  com_filter.o(.data)
    RtA                                      0x20000058   Data           4  com_imu.o(.data)
    Gyro_G                                   0x2000005c   Data           4  com_imu.o(.data)
    Gyro_Gr                                  0x20000060   Data           4  com_imu.o(.data)
    pxCurrentTCB                             0x20000088   Data           4  tasks.o(.data)
    uxTopUsedPriority                        0x200000c0   Data           4  tasks.o(.data)
    remote_state                             0x20000128   Data           1  app_task.o(.data)
    flight_state                             0x20000129   Data           1  app_task.o(.data)
    app_task_handle                          0x2000012c   Data           4  app_task.o(.data)
    power_task_handle                        0x20000130   Data           4  app_task.o(.data)
    flight_task_handle                       0x20000134   Data           4  app_task.o(.data)
    communicate_task_handle                  0x20000138   Data           4  app_task.o(.data)
    led_task_handle                          0x2000013c   Data           4  app_task.o(.data)
    TX_ADDRESS                               0x20000154   Data           5  int_si24r1.o(.data)
    accel_offset_x                           0x2000015e   Data           2  int_mpu6050.o(.data)
    accel_offset_y                           0x20000160   Data           2  int_mpu6050.o(.data)
    accel_offset_z                           0x20000162   Data           2  int_mpu6050.o(.data)
    gyro_offset_x                            0x20000164   Data           2  int_mpu6050.o(.data)
    gyro_offset_y                            0x20000166   Data           2  int_mpu6050.o(.data)
    gyro_offset_z                            0x20000168   Data           2  int_mpu6050.o(.data)
    __stdout                                 0x2000016c   Data           4  stdout.o(.data)
    hi2c1                                    0x20000174   Data          84  i2c.o(.bss)
    hspi1                                    0x200001c8   Data          88  spi.o(.bss)
    htim1                                    0x20000220   Data          72  tim.o(.bss)
    htim2                                    0x20000268   Data          72  tim.o(.bss)
    htim3                                    0x200002b0   Data          72  tim.o(.bss)
    htim4                                    0x200002f8   Data          72  tim.o(.bss)
    huart2                                   0x20000340   Data          72  usart.o(.bss)
    remote_data                              0x2000485c   Data          10  app_task.o(.bss)
    euler_angle                              0x20004868   Data          12  app_task.o(.bss)
    __initial_sp                             0x20004c98   Data           0  startup_stm32f103xb.o(STACK)



==============================================================================

Memory Map of the image

  Image Entry point : 0x080000ed

  Load Region LR_IROM1 (Base: 0x08000000, Size: 0x0000726c, Max: 0x00010000, ABSOLUTE, COMPRESSED[0x00007164])

    Execution Region ER_IROM1 (Exec base: 0x08000000, Load base: 0x08000000, Size: 0x000070f8, Max: 0x00010000, ABSOLUTE)

    Exec Addr    Load Addr    Size         Type   Attr      Idx    E Section Name        Object

    0x08000000   0x08000000   0x000000ec   Data   RO            3    RESET               startup_stm32f103xb.o
    0x080000ec   0x080000ec   0x00000000   Code   RO         5219  * .ARM.Collect$$$$00000000  mc_w.l(entry.o)
    0x080000ec   0x080000ec   0x00000004   Code   RO         5559    .ARM.Collect$$$$00000001  mc_w.l(entry2.o)
    0x080000f0   0x080000f0   0x00000004   Code   RO         5562    .ARM.Collect$$$$00000004  mc_w.l(entry5.o)
    0x080000f4   0x080000f4   0x00000000   Code   RO         5564    .ARM.Collect$$$$00000008  mc_w.l(entry7b.o)
    0x080000f4   0x080000f4   0x00000000   Code   RO         5566    .ARM.Collect$$$$0000000A  mc_w.l(entry8b.o)
    0x080000f4   0x080000f4   0x00000008   Code   RO         5567    .ARM.Collect$$$$0000000B  mc_w.l(entry9a.o)
    0x080000fc   0x080000fc   0x00000004   Code   RO         5574    .ARM.Collect$$$$0000000E  mc_w.l(entry12b.o)
    0x08000100   0x08000100   0x00000000   Code   RO         5569    .ARM.Collect$$$$0000000F  mc_w.l(entry10a.o)
    0x08000100   0x08000100   0x00000000   Code   RO         5571    .ARM.Collect$$$$00000011  mc_w.l(entry11a.o)
    0x08000100   0x08000100   0x00000004   Code   RO         5560    .ARM.Collect$$$$00002712  mc_w.l(entry2.o)
    0x08000104   0x08000104   0x00000096   Code   RO         4707    .emb_text           port.o
    0x0800019a   0x0800019a   0x00000002   PAD
    0x0800019c   0x0800019c   0x00000024   Code   RO            4    .text               startup_stm32f103xb.o
    0x080001c0   0x080001c0   0x00000020   Code   RO         5222    .text               mc_w.l(llushr.o)
    0x080001e0   0x080001e0   0x00000024   Code   RO         5226    .text               mc_w.l(memseta.o)
    0x08000204   0x08000204   0x00000016   Code   RO         5228    .text               mc_w.l(strrchr.o)
    0x0800021a   0x0800021a   0x000000b0   Code   RO         5493    .text               mf_w.l(fadd.o)
    0x080002ca   0x080002ca   0x00000064   Code   RO         5495    .text               mf_w.l(fmul.o)
    0x0800032e   0x0800032e   0x0000007c   Code   RO         5497    .text               mf_w.l(fdiv.o)
    0x080003aa   0x080003aa   0x0000014e   Code   RO         5499    .text               mf_w.l(dadd.o)
    0x080004f8   0x080004f8   0x000000e4   Code   RO         5501    .text               mf_w.l(dmul.o)
    0x080005dc   0x080005dc   0x00000012   Code   RO         5503    .text               mf_w.l(fflti.o)
    0x080005ee   0x080005ee   0x00000022   Code   RO         5505    .text               mf_w.l(dflti.o)
    0x08000610   0x08000610   0x0000003e   Code   RO         5507    .text               mf_w.l(dfixi.o)
    0x0800064e   0x0800064e   0x00000026   Code   RO         5509    .text               mf_w.l(f2d.o)
    0x08000674   0x08000674   0x00000030   Code   RO         5511    .text               mf_w.l(cdcmple.o)
    0x080006a4   0x080006a4   0x00000038   Code   RO         5513    .text               mf_w.l(d2f.o)
    0x080006dc   0x080006dc   0x00000014   Code   RO         5515    .text               mf_w.l(cfrcmple.o)
    0x080006f0   0x080006f0   0x0000002c   Code   RO         5576    .text               mc_w.l(uidiv.o)
    0x0800071c   0x0800071c   0x00000062   Code   RO         5578    .text               mc_w.l(uldiv.o)
    0x0800077e   0x0800077e   0x0000001e   Code   RO         5580    .text               mc_w.l(llshl.o)
    0x0800079c   0x0800079c   0x00000024   Code   RO         5582    .text               mc_w.l(llsshr.o)
    0x080007c0   0x080007c0   0x00000000   Code   RO         5591    .text               mc_w.l(iusefp.o)
    0x080007c0   0x080007c0   0x0000006e   Code   RO         5592    .text               mf_w.l(fepilogue.o)
    0x0800082e   0x0800082e   0x000000ba   Code   RO         5594    .text               mf_w.l(depilogue.o)
    0x080008e8   0x080008e8   0x000000de   Code   RO         5596    .text               mf_w.l(ddiv.o)
    0x080009c6   0x080009c6   0x0000002e   Code   RO         5598    .text               mf_w.l(dscalb.o)
    0x080009f4   0x080009f4   0x00000030   Code   RO         5600    .text               mf_w.l(dfixul.o)
    0x08000a24   0x08000a24   0x00000030   Code   RO         5602    .text               mf_w.l(cdrcmple.o)
    0x08000a54   0x08000a54   0x00000024   Code   RO         5604    .text               mc_w.l(init.o)
    0x08000a78   0x08000a78   0x00000018   Code   RO         5606    .text               mf_w.l(fscalb.o)
    0x08000a90   0x08000a90   0x000000a2   Code   RO         5608    .text               mf_w.l(dsqrt.o)
    0x08000b32   0x08000b32   0x00000056   Code   RO         5618    .text               mc_w.l(__dczerorl2.o)
    0x08000b88   0x08000b88   0x00000004   Code   RO          460    i.BusFault_Handler  stm32f1xx_it.o
    0x08000b8c   0x08000b8c   0x000000ae   Code   RO         3818    i.Common_Filter_KalmanFilter  com_filter.o
    0x08000c3a   0x08000c3a   0x00000002   PAD
    0x08000c3c   0x08000c3c   0x00000050   Code   RO         3819    i.Common_Filter_LowPass  com_filter.o
    0x08000c8c   0x08000c8c   0x00000778   Code   RO         3845    i.Common_IMU_GetEulerAngle  com_imu.o
    0x08001404   0x08001404   0x00000002   Code   RO          461    i.DebugMon_Handler  stm32f1xx_it.o
    0x08001406   0x08001406   0x00000006   Code   RO           13    i.Error_Handler     main.o
    0x0800140c   0x0800140c   0x00000028   Code   RO         1067    i.HAL_Delay         stm32f1xx_hal.o
    0x08001434   0x08001434   0x00000320   Code   RO         1382    i.HAL_GPIO_Init     stm32f1xx_hal_gpio.o
    0x08001754   0x08001754   0x00000014   Code   RO         1385    i.HAL_GPIO_TogglePin  stm32f1xx_hal_gpio.o
    0x08001768   0x08001768   0x0000000c   Code   RO         1386    i.HAL_GPIO_WritePin  stm32f1xx_hal_gpio.o
    0x08001774   0x08001774   0x0000000c   Code   RO         1071    i.HAL_GetTick       stm32f1xx_hal.o
    0x08001780   0x08001780   0x000001d0   Code   RO          594    i.HAL_I2C_Init      stm32f1xx_hal_i2c.o
    0x08001950   0x08001950   0x00000374   Code   RO          612    i.HAL_I2C_Mem_Read  stm32f1xx_hal_i2c.o
    0x08001cc4   0x08001cc4   0x00000164   Code   RO          615    i.HAL_I2C_Mem_Write  stm32f1xx_hal_i2c.o
    0x08001e28   0x08001e28   0x00000074   Code   RO          269    i.HAL_I2C_MspInit   i2c.o
    0x08001e9c   0x08001e9c   0x00000018   Code   RO         1077    i.HAL_IncTick       stm32f1xx_hal.o
    0x08001eb4   0x08001eb4   0x00000028   Code   RO         1078    i.HAL_Init          stm32f1xx_hal.o
    0x08001edc   0x08001edc   0x0000004c   Code   RO         1079    i.HAL_InitTick      stm32f1xx_hal.o
    0x08001f28   0x08001f28   0x00000054   Code   RO          523    i.HAL_MspInit       stm32f1xx_hal_msp.o
    0x08001f7c   0x08001f7c   0x0000007c   Code   RO         1548    i.HAL_NVIC_SetPriority  stm32f1xx_hal_cortex.o
    0x08001ff8   0x08001ff8   0x00000028   Code   RO         1549    i.HAL_NVIC_SetPriorityGrouping  stm32f1xx_hal_cortex.o
    0x08002020   0x08002020   0x0000018c   Code   RO         1235    i.HAL_RCC_ClockConfig  stm32f1xx_hal_rcc.o
    0x080021ac   0x080021ac   0x0000000c   Code   RO         1240    i.HAL_RCC_GetHCLKFreq  stm32f1xx_hal_rcc.o
    0x080021b8   0x080021b8   0x00000020   Code   RO         1242    i.HAL_RCC_GetPCLK1Freq  stm32f1xx_hal_rcc.o
    0x080021d8   0x080021d8   0x00000020   Code   RO         1243    i.HAL_RCC_GetPCLK2Freq  stm32f1xx_hal_rcc.o
    0x080021f8   0x080021f8   0x00000070   Code   RO         1244    i.HAL_RCC_GetSysClockFreq  stm32f1xx_hal_rcc.o
    0x08002268   0x08002268   0x00000464   Code   RO         1247    i.HAL_RCC_OscConfig  stm32f1xx_hal_rcc.o
    0x080026cc   0x080026cc   0x000000be   Code   RO         2079    i.HAL_SPI_Init      stm32f1xx_hal_spi.o
    0x0800278a   0x0800278a   0x00000002   PAD
    0x0800278c   0x0800278c   0x00000084   Code   RO          311    i.HAL_SPI_MspInit   spi.o
    0x08002810   0x08002810   0x00000248   Code   RO         2088    i.HAL_SPI_TransmitReceive  stm32f1xx_hal_spi.o
    0x08002a58   0x08002a58   0x00000034   Code   RO         1553    i.HAL_SYSTICK_Config  stm32f1xx_hal_cortex.o
    0x08002a8c   0x08002a8c   0x00000074   Code   RO         3110    i.HAL_TIMEx_ConfigBreakDeadTime  stm32f1xx_hal_tim_ex.o
    0x08002b00   0x08002b00   0x00000084   Code   RO         3126    i.HAL_TIMEx_MasterConfigSynchronization  stm32f1xx_hal_tim_ex.o
    0x08002b84   0x08002b84   0x00000066   Code   RO         2392    i.HAL_TIM_Base_Init  stm32f1xx_hal_tim.o
    0x08002bea   0x08002bea   0x00000002   PAD
    0x08002bec   0x08002bec   0x000000a4   Code   RO          353    i.HAL_TIM_Base_MspInit  tim.o
    0x08002c90   0x08002c90   0x0000010c   Code   RO         2401    i.HAL_TIM_ConfigClockSource  stm32f1xx_hal_tim.o
    0x08002d9c   0x08002d9c   0x00000120   Code   RO          354    i.HAL_TIM_MspPostInit  tim.o
    0x08002ebc   0x08002ebc   0x00000104   Code   RO         2464    i.HAL_TIM_PWM_ConfigChannel  stm32f1xx_hal_tim.o
    0x08002fc0   0x08002fc0   0x00000066   Code   RO         2467    i.HAL_TIM_PWM_Init  stm32f1xx_hal_tim.o
    0x08003026   0x08003026   0x00000002   Code   RO         2469    i.HAL_TIM_PWM_MspInit  stm32f1xx_hal_tim.o
    0x08003028   0x08003028   0x00000076   Code   RO         3404    i.HAL_UART_Init     stm32f1xx_hal_uart.o
    0x0800309e   0x0800309e   0x00000002   PAD
    0x080030a0   0x080030a0   0x00000084   Code   RO          419    i.HAL_UART_MspInit  usart.o
    0x08003124   0x08003124   0x000000be   Code   RO         3412    i.HAL_UART_Transmit  stm32f1xx_hal_uart.o
    0x080031e2   0x080031e2   0x00000004   Code   RO          462    i.HardFault_Handler  stm32f1xx_it.o
    0x080031e6   0x080031e6   0x0000003e   Code   RO          638    i.I2C_IsAcknowledgeFailed  stm32f1xx_hal_i2c.o
    0x08003224   0x08003224   0x00000160   Code   RO          649    i.I2C_RequestMemoryRead  stm32f1xx_hal_i2c.o
    0x08003384   0x08003384   0x000000e0   Code   RO          650    i.I2C_RequestMemoryWrite  stm32f1xx_hal_i2c.o
    0x08003464   0x08003464   0x00000066   Code   RO          658    i.I2C_WaitOnBTFFlagUntilTimeout  stm32f1xx_hal_i2c.o
    0x080034ca   0x080034ca   0x000000be   Code   RO          659    i.I2C_WaitOnFlagUntilTimeout  stm32f1xx_hal_i2c.o
    0x08003588   0x08003588   0x000000fa   Code   RO          660    i.I2C_WaitOnMasterAddressFlagUntilTimeout  stm32f1xx_hal_i2c.o
    0x08003682   0x08003682   0x0000008a   Code   RO          661    i.I2C_WaitOnRXNEFlagUntilTimeout  stm32f1xx_hal_i2c.o
    0x0800370c   0x0800370c   0x00000066   Code   RO          664    i.I2C_WaitOnTXEFlagUntilTimeout  stm32f1xx_hal_i2c.o
    0x08003772   0x08003772   0x00000002   PAD
    0x08003774   0x08003774   0x000000e0   Code   RO          244    i.MX_GPIO_Init      gpio.o
    0x08003854   0x08003854   0x0000003c   Code   RO          270    i.MX_I2C1_Init      i2c.o
    0x08003890   0x08003890   0x00000044   Code   RO          312    i.MX_SPI1_Init      spi.o
    0x080038d4   0x080038d4   0x000000d8   Code   RO          355    i.MX_TIM1_Init      tim.o
    0x080039ac   0x080039ac   0x000000a4   Code   RO          356    i.MX_TIM2_Init      tim.o
    0x08003a50   0x08003a50   0x000000a4   Code   RO          357    i.MX_TIM3_Init      tim.o
    0x08003af4   0x08003af4   0x000000a4   Code   RO          358    i.MX_TIM4_Init      tim.o
    0x08003b98   0x08003b98   0x00000038   Code   RO          420    i.MX_USART2_UART_Init  usart.o
    0x08003bd0   0x08003bd0   0x00000004   Code   RO          463    i.MemManage_Handler  stm32f1xx_it.o
    0x08003bd4   0x08003bd4   0x00000004   Code   RO          464    i.NMI_Handler       stm32f1xx_it.o
    0x08003bd8   0x08003bd8   0x00000050   Code   RO         3847    i.Q_rsqrt           com_imu.o
    0x08003c28   0x08003c28   0x00000028   Code   RO         1248    i.RCC_Delay         stm32f1xx_hal_rcc.o
    0x08003c50   0x08003c50   0x00000044   Code   RO         2117    i.SPI_EndRxTxTransaction  stm32f1xx_hal_spi.o
    0x08003c94   0x08003c94   0x00000024   Code   RO         5052    i.SPI_RW            int_si24r1.o
    0x08003cb8   0x08003cb8   0x000000d8   Code   RO         2122    i.SPI_WaitFlagStateUntilTimeout  stm32f1xx_hal_spi.o
    0x08003d90   0x08003d90   0x00000014   Code   RO          465    i.SysTick_Handler   stm32f1xx_it.o
    0x08003da4   0x08003da4   0x00000066   Code   RO           14    i.SystemClock_Config  main.o
    0x08003e0a   0x08003e0a   0x00000002   Code   RO         3748    i.SystemInit        system_stm32f1xx.o
    0x08003e0c   0x08003e0c   0x00000084   Code   RO         2485    i.TIM_Base_SetConfig  stm32f1xx_hal_tim.o
    0x08003e90   0x08003e90   0x00000016   Code   RO         2496    i.TIM_ETR_SetConfig  stm32f1xx_hal_tim.o
    0x08003ea6   0x08003ea6   0x00000012   Code   RO         2497    i.TIM_ITRx_SetConfig  stm32f1xx_hal_tim.o
    0x08003eb8   0x08003eb8   0x00000060   Code   RO         2498    i.TIM_OC1_SetConfig  stm32f1xx_hal_tim.o
    0x08003f18   0x08003f18   0x00000068   Code   RO         2499    i.TIM_OC2_SetConfig  stm32f1xx_hal_tim.o
    0x08003f80   0x08003f80   0x00000068   Code   RO         2500    i.TIM_OC3_SetConfig  stm32f1xx_hal_tim.o
    0x08003fe8   0x08003fe8   0x00000048   Code   RO         2501    i.TIM_OC4_SetConfig  stm32f1xx_hal_tim.o
    0x08004030   0x08004030   0x00000026   Code   RO         2503    i.TIM_TI1_ConfigInputStage  stm32f1xx_hal_tim.o
    0x08004056   0x08004056   0x00000028   Code   RO         2505    i.TIM_TI2_ConfigInputStage  stm32f1xx_hal_tim.o
    0x0800407e   0x0800407e   0x0000006c   Code   RO         3427    i.UART_EndRxTransfer  stm32f1xx_hal_uart.o
    0x080040ea   0x080040ea   0x00000002   PAD
    0x080040ec   0x080040ec   0x000000fc   Code   RO         3431    i.UART_SetConfig    stm32f1xx_hal_uart.o
    0x080041e8   0x080041e8   0x0000008c   Code   RO         3435    i.UART_WaitOnFlagUntilTimeout  stm32f1xx_hal_uart.o
    0x08004274   0x08004274   0x00000004   Code   RO          466    i.UsageFault_Handler  stm32f1xx_it.o
    0x08004278   0x08004278   0x00000020   Code   RO         5465    i.__0printf         mc_w.l(printfa.o)
    0x08004298   0x08004298   0x00000028   Code   RO         5531    i.__ARM_fpclassify  m_ws.l(fpclassify.o)
    0x080042c0   0x080042c0   0x00000026   Code   RO         5533    i.__ARM_fpclassifyf  m_ws.l(fpclassifyf.o)
    0x080042e6   0x080042e6   0x00000002   PAD
    0x080042e8   0x080042e8   0x00000010   Code   RO         1555    i.__NVIC_GetPriorityGrouping  stm32f1xx_hal_cortex.o
    0x080042f8   0x080042f8   0x00000028   Code   RO         1556    i.__NVIC_SetPriority  stm32f1xx_hal_cortex.o
    0x08004320   0x08004320   0x000000aa   Code   RO         5549    i.__kernel_poly     m_ws.l(poly.o)
    0x080043ca   0x080043ca   0x00000006   Code   RO         5518    i.__mathlib_dbl_infnan  m_ws.l(dunder.o)
    0x080043d0   0x080043d0   0x0000000c   Code   RO         5520    i.__mathlib_dbl_invalid  m_ws.l(dunder.o)
    0x080043dc   0x080043dc   0x00000010   Code   RO         5523    i.__mathlib_dbl_underflow  m_ws.l(dunder.o)
    0x080043ec   0x080043ec   0x00000004   Code   RO         5537    i.__mathlib_flt_infnan2  m_ws.l(funder.o)
    0x080043f0   0x080043f0   0x0000000a   Code   RO         5541    i.__mathlib_flt_underflow  m_ws.l(funder.o)
    0x080043fa   0x080043fa   0x0000000e   Code   RO         5612    i.__scatterload_copy  mc_w.l(handlers.o)
    0x08004408   0x08004408   0x00000002   Code   RO         5613    i.__scatterload_null  mc_w.l(handlers.o)
    0x0800440a   0x0800440a   0x0000000e   Code   RO         5614    i.__scatterload_zeroinit  mc_w.l(handlers.o)
    0x08004418   0x08004418   0x0000000c   Code   RO         5586    i.__set_errno       mc_w.l(errno.o)
    0x08004424   0x08004424   0x00000184   Code   RO         5472    i._fp_digits        mc_w.l(printfa.o)
    0x080045a8   0x080045a8   0x000006b4   Code   RO         5473    i._printf_core      mc_w.l(printfa.o)
    0x08004c5c   0x08004c5c   0x00000024   Code   RO         5474    i._printf_post_padding  mc_w.l(printfa.o)
    0x08004c80   0x08004c80   0x0000002e   Code   RO         5475    i._printf_pre_padding  mc_w.l(printfa.o)
    0x08004cae   0x08004cae   0x00000002   PAD
    0x08004cb0   0x08004cb0   0x000001a8   Code   RO         4903    i.app_flight_get_euler_angle  app_flight.o
    0x08004e58   0x08004e58   0x00000008   Code   RO         4904    i.app_flight_init   app_flight.o
    0x08004e60   0x08004e60   0x00000030   Code   RO         4848    i.app_process_connect_state  app_recv_data.o
    0x08004e90   0x08004e90   0x0000007c   Code   RO         4849    i.app_process_flight_state  app_recv_data.o
    0x08004f0c   0x08004f0c   0x00000284   Code   RO         4850    i.app_recv_data     app_recv_data.o
    0x08005190   0x08005190   0x000000dc   Code   RO         4851    i.app_throttle_unlock  app_recv_data.o
    0x0800526c   0x0800526c   0x00000270   Code   RO         5202    i.asin              m_ws.l(asin.o)
    0x080054dc   0x080054dc   0x000002a4   Code   RO         5212    i.atan2f            m_ws.l(atan2f.o)
    0x08005780   0x08005780   0x000000e4   Code   RO         4782    i.communicate_task  app_task.o
    0x08005864   0x08005864   0x000000b0   Code   RO         4783    i.flight_task       app_task.o
    0x08005914   0x08005914   0x0000001c   Code   RO         3784    i.fputc             com_debug.o
    0x08005930   0x08005930   0x00000044   Code   RO         4947    i.int_ip5305t_shutdown  int_ip5305t.o
    0x08005974   0x08005974   0x00000024   Code   RO         4948    i.int_ip5305t_start  int_ip5305t.o
    0x08005998   0x08005998   0x00000010   Code   RO         5013    i.int_led_off       int_led.o
    0x080059a8   0x080059a8   0x00000010   Code   RO         5014    i.int_led_on        int_led.o
    0x080059b8   0x080059b8   0x0000000e   Code   RO         5015    i.int_led_toggle    int_led.o
    0x080059c6   0x080059c6   0x00000002   PAD
    0x080059c8   0x080059c8   0x0000008c   Code   RO         5140    i.int_mpu6050_get_accel  int_mpu6050.o
    0x08005a54   0x08005a54   0x00000012   Code   RO         5141    i.int_mpu6050_get_data  int_mpu6050.o
    0x08005a66   0x08005a66   0x00000002   PAD
    0x08005a68   0x08005a68   0x0000008c   Code   RO         5142    i.int_mpu6050_get_gyro  int_mpu6050.o
    0x08005af4   0x08005af4   0x0000006e   Code   RO         5143    i.int_mpu6050_init  int_mpu6050.o
    0x08005b62   0x08005b62   0x00000002   PAD
    0x08005b64   0x08005b64   0x00000024   Code   RO         5144    i.int_mpu6050_reg_read  int_mpu6050.o
    0x08005b88   0x08005b88   0x00000028   Code   RO         5145    i.int_mpu6050_reg_write  int_mpu6050.o
    0x08005bb0   0x08005bb0   0x00000148   Code   RO         5146    i.int_mput6050_calc_offset  int_mpu6050.o
    0x08005cf8   0x08005cf8   0x00000048   Code   RO         5053    i.int_si24r1_check  int_si24r1.o
    0x08005d40   0x08005d40   0x000000c0   Code   RO         5054    i.int_si24r1_init   int_si24r1.o
    0x08005e00   0x08005e00   0x00000044   Code   RO         5055    i.int_si24r1_read_buf  int_si24r1.o
    0x08005e44   0x08005e44   0x00000030   Code   RO         5056    i.int_si24r1_read_reg  int_si24r1.o
    0x08005e74   0x08005e74   0x00000064   Code   RO         5057    i.int_si24r1_rx_mode  int_si24r1.o
    0x08005ed8   0x08005ed8   0x00000034   Code   RO         5058    i.int_si24r1_rx_packet  int_si24r1.o
    0x08005f0c   0x08005f0c   0x00000044   Code   RO         5061    i.int_si24r1_write_buf  int_si24r1.o
    0x08005f50   0x08005f50   0x00000030   Code   RO         5062    i.int_si24r1_write_reg  int_si24r1.o
    0x08005f80   0x08005f80   0x00000160   Code   RO         4784    i.led_task          app_task.o
    0x080060e0   0x080060e0   0x00000034   Code   RO           15    i.main              main.o
    0x08006114   0x08006114   0x000000b0   Code   RO         4785    i.power_task        app_task.o
    0x080061c4   0x080061c4   0x000000c0   Code   RO         4334    i.prvAddCurrentTaskToDelayedList  tasks.o
    0x08006284   0x08006284   0x000000e4   Code   RO         4335    i.prvAddNewTaskToReadyList  tasks.o
    0x08006368   0x08006368   0x00000048   Code   RO         4336    i.prvCheckTasksWaitingTermination  tasks.o
    0x080063b0   0x080063b0   0x00000012   Code   RO         4337    i.prvDeleteTCB      tasks.o
    0x080063c2   0x080063c2   0x00000002   PAD
    0x080063c4   0x080063c4   0x00000070   Code   RO         4646    i.prvHeapInit       heap_4.o
    0x08006434   0x08006434   0x00000028   Code   RO         4338    i.prvIdleTask       tasks.o
    0x0800645c   0x0800645c   0x0000007a   Code   RO         4339    i.prvInitialiseNewTask  tasks.o
    0x080064d6   0x080064d6   0x00000002   PAD
    0x080064d8   0x080064d8   0x00000068   Code   RO         4340    i.prvInitialiseTaskLists  tasks.o
    0x08006540   0x08006540   0x00000068   Code   RO         4647    i.prvInsertBlockIntoFreeList  heap_4.o
    0x080065a8   0x080065a8   0x00000030   Code   RO         4341    i.prvResetNextTaskUnblockTime  tasks.o
    0x080065d8   0x080065d8   0x00000016   Code   RO         4708    i.prvTaskExitError  port.o
    0x080065ee   0x080065ee   0x00000002   PAD
    0x080065f0   0x080065f0   0x000000e4   Code   RO         4649    i.pvPortMalloc      heap_4.o
    0x080066d4   0x080066d4   0x00000024   Code   RO         4709    i.pxPortInitialiseStack  port.o
    0x080066f8   0x080066f8   0x0000004c   Code   RO         5552    i.sqrt              m_ws.l(sqrt.o)
    0x08006744   0x08006744   0x000000b0   Code   RO         4786    i.task_entry        app_task.o
    0x080067f4   0x080067f4   0x00000088   Code   RO         4343    i.ulTaskGenericNotifyTake  tasks.o
    0x0800687c   0x0800687c   0x00000028   Code   RO         4015    i.uxListRemove      list.o
    0x080068a4   0x080068a4   0x0000001a   Code   RO         4016    i.vListInitialise   list.o
    0x080068be   0x080068be   0x00000006   Code   RO         4017    i.vListInitialiseItem  list.o
    0x080068c4   0x080068c4   0x00000034   Code   RO         4018    i.vListInsert       list.o
    0x080068f8   0x080068f8   0x00000024   Code   RO         4711    i.vPortEnterCritical  port.o
    0x0800691c   0x0800691c   0x00000020   Code   RO         4712    i.vPortExitCritical  port.o
    0x0800693c   0x0800693c   0x0000004c   Code   RO         4650    i.vPortFree         heap_4.o
    0x08006988   0x08006988   0x00000018   Code   RO         4713    i.vPortSetupTimerInterrupt  port.o
    0x080069a0   0x080069a0   0x00000034   Code   RO         4349    i.vTaskDelay        tasks.o
    0x080069d4   0x080069d4   0x0000006c   Code   RO         4361    i.vTaskStartScheduler  tasks.o
    0x08006a40   0x08006a40   0x00000010   Code   RO         4363    i.vTaskSuspendAll   tasks.o
    0x08006a50   0x08006a50   0x00000060   Code   RO         4364    i.vTaskSwitchContext  tasks.o
    0x08006ab0   0x08006ab0   0x00000034   Code   RO         4714    i.xPortStartScheduler  port.o
    0x08006ae4   0x08006ae4   0x00000034   Code   RO         4715    i.xPortSysTickHandler  port.o
    0x08006b18   0x08006b18   0x00000068   Code   RO         4367    i.xTaskCreate       tasks.o
    0x08006b80   0x08006b80   0x00000074   Code   RO         4368    i.xTaskDelayUntil   tasks.o
    0x08006bf4   0x08006bf4   0x0000014c   Code   RO         4369    i.xTaskGenericNotify  tasks.o
    0x08006d40   0x08006d40   0x00000020   Code   RO         4374    i.xTaskGetSchedulerState  tasks.o
    0x08006d60   0x08006d60   0x0000000c   Code   RO         4375    i.xTaskGetTickCount  tasks.o
    0x08006d6c   0x08006d6c   0x00000190   Code   RO         4377    i.xTaskIncrementTick  tasks.o
    0x08006efc   0x08006efc   0x0000015c   Code   RO         4379    i.xTaskResumeAll    tasks.o
    0x08007058   0x08007058   0x00000012   Data   RO         1249    .constdata          stm32f1xx_hal_rcc.o
    0x0800706a   0x0800706a   0x00000018   Data   RO         3749    .constdata          system_stm32f1xx.o
    0x08007082   0x08007082   0x00000006   PAD
    0x08007088   0x08007088   0x00000050   Data   RO         5203    .constdata          m_ws.l(asin.o)
    0x080070d8   0x080070d8   0x00000020   Data   RO         5610    Region$$Table       anon$$obj.o


    Execution Region RW_IRAM1 (Exec base: 0x20000000, Load base: 0x080070f8, Size: 0x00004c98, Max: 0x00005000, ABSOLUTE, COMPRESSED[0x0000006c])

    Exec Addr    Load Addr    Size         Type   Attr      Idx    E Section Name        Object

    0x20000000   COMPRESSED   0x00000009   Data   RW         1085    .data               stm32f1xx_hal.o
    0x20000009   COMPRESSED   0x00000003   PAD
    0x2000000c   COMPRESSED   0x00000004   Data   RW         3750    .data               system_stm32f1xx.o
    0x20000010   COMPRESSED   0x00000048   Data   RW         3820    .data               com_filter.o
    0x20000058   COMPRESSED   0x00000030   Data   RW         3849    .data               com_imu.o
    0x20000088   COMPRESSED   0x00000040   Data   RW         4382    .data               tasks.o
    0x200000c8   COMPRESSED   0x0000001c   Data   RW         4656    .data               heap_4.o
    0x200000e4   COMPRESSED   0x00000004   Data   RW         4716    .data               port.o
    0x200000e8   COMPRESSED   0x00000058   Data   RW         4788    .data               app_task.o
    0x20000140   COMPRESSED   0x0000000d   Data   RW         4853    .data               app_recv_data.o
    0x2000014d   COMPRESSED   0x00000001   PAD
    0x2000014e   COMPRESSED   0x00000006   Data   RW         4906    .data               app_flight.o
    0x20000154   COMPRESSED   0x0000000a   Data   RW         5063    .data               int_si24r1.o
    0x2000015e   COMPRESSED   0x0000000c   Data   RW         5147    .data               int_mpu6050.o
    0x2000016a   COMPRESSED   0x00000002   PAD
    0x2000016c   COMPRESSED   0x00000004   Data   RW         5575    .data               mc_w.l(stdout.o)
    0x20000170   COMPRESSED   0x00000004   Data   RW         5587    .data               mc_w.l(errno.o)
    0x20000174        -       0x00000054   Zero   RW          271    .bss                i2c.o
    0x200001c8        -       0x00000058   Zero   RW          313    .bss                spi.o
    0x20000220        -       0x00000120   Zero   RW          359    .bss                tim.o
    0x20000340        -       0x00000048   Zero   RW          421    .bss                usart.o
    0x20000388        -       0x0000000c   Zero   RW         3848    .bss                com_imu.o
    0x20000394        -       0x000000c8   Zero   RW         4381    .bss                tasks.o
    0x2000045c        -       0x00004400   Zero   RW         4655    .bss                heap_4.o
    0x2000485c        -       0x00000018   Zero   RW         4787    .bss                app_task.o
    0x20004874        -       0x00000011   Zero   RW         4852    .bss                app_recv_data.o
    0x20004885   COMPRESSED   0x00000001   PAD
    0x20004886        -       0x0000000c   Zero   RW         4905    .bss                app_flight.o
    0x20004892   COMPRESSED   0x00000006   PAD
    0x20004898        -       0x00000400   Zero   RW            1    STACK               startup_stm32f103xb.o


==============================================================================

Image component sizes


      Code (inc. data)   RO Data    RW Data    ZI Data      Debug   Object Name

       432         68          0          6         12       1267   app_flight.o
      1036        198          0         13         17       3371   app_recv_data.o
      1108        278          0         88         24       3771   app_task.o
        28          6          0          0          0       1756   com_debug.o
       254          8          0         72          0       2259   com_filter.o
      1992         46          0         48         12       3948   com_imu.o
         0          0          0          0          0       8104   croutine.o
         0          0          0          0          0       2532   event_groups.o
       224         12          0          0          0        995   gpio.o
       520         58          0         28      17408       4567   heap_4.o
       176         24          0          0         84       1657   i2c.o
       104         12          0          0          0        975   int_ip5305t.o
        46          0          0          0          0       2132   int_led.o
       812         60          0         12          0       5093   int_mpu6050.o
       684         94          0         10          0       5929   int_si24r1.o
       124          0          0          0          0       2601   list.o
       160          0          0          0          0     455068   main.o
       404         48          0          4          0       8976   port.o
       200         20          0          0         88       1685   spi.o
        36          8        236          0       1024        816   startup_stm32f103xb.o
       192         36          0          9          0       6001   stm32f1xx_hal.o
       272         22          0          0          0      28838   stm32f1xx_hal_cortex.o
       832         34          0          0          0       3341   stm32f1xx_hal_gpio.o
      3124         50          0          0          0      11762   stm32f1xx_hal_i2c.o
        84          8          0          0          0        922   stm32f1xx_hal_msp.o
      1748         98         18          0          0       6072   stm32f1xx_hal_rcc.o
      1058          6          0          0          0       4505   stm32f1xx_hal_spi.o
      1360         32          0          0          0      10642   stm32f1xx_hal_tim.o
       248         14          0          0          0       2164   stm32f1xx_hal_tim_ex.o
       808          4          0          0          0       4460   stm32f1xx_hal_uart.o
        42          0          0          0          0       3179   stm32f1xx_it.o
         2          0         24          4          0       1155   system_stm32f1xx.o
      2576        316          0         64        200      29529   tasks.o
      1160         74          0          0        288       4939   tim.o
       188         22          0          0         72       1714   usart.o

    ----------------------------------------------------------------------
     22060       1656        316        364      19236     636725   Object Totals
         0          0         32          0          0          0   (incl. Generated)
        26          0          6          6          7          0   (incl. Padding)

    ----------------------------------------------------------------------

      Code (inc. data)   RO Data    RW Data    ZI Data      Debug   Library Member Name

       624         52         80          0          0        168   asin.o
       676         78          0          0          0        116   atan2f.o
        34          6          0          0          0        204   dunder.o
        40          0          0          0          0         68   fpclassify.o
        38          0          0          0          0         68   fpclassifyf.o
        14          0          0          0          0        136   funder.o
       170          0          0          0          0         96   poly.o
        76          0          0          0          0         84   sqrt.o
        86          0          0          0          0          0   __dczerorl2.o
         0          0          0          0          0          0   entry.o
         0          0          0          0          0          0   entry10a.o
         0          0          0          0          0          0   entry11a.o
         4          0          0          0          0          0   entry12b.o
         8          4          0          0          0          0   entry2.o
         4          0          0          0          0          0   entry5.o
         0          0          0          0          0          0   entry7b.o
         0          0          0          0          0          0   entry8b.o
         8          4          0          0          0          0   entry9a.o
        12          6          0          4          0         68   errno.o
        30          0          0          0          0          0   handlers.o
        36          8          0          0          0         68   init.o
         0          0          0          0          0          0   iusefp.o
        30          0          0          0          0         68   llshl.o
        36          0          0          0          0         68   llsshr.o
        32          0          0          0          0         68   llushr.o
        36          0          0          0          0        108   memseta.o
      2218         90          0          0          0        464   printfa.o
         0          0          0          4          0          0   stdout.o
        22          0          0          0          0         68   strrchr.o
        44          0          0          0          0         80   uidiv.o
        98          0          0          0          0         92   uldiv.o
        48          0          0          0          0         68   cdcmple.o
        48          0          0          0          0         68   cdrcmple.o
        20          0          0          0          0         68   cfrcmple.o
        56          0          0          0          0         88   d2f.o
       334          0          0          0          0        148   dadd.o
       222          0          0          0          0        100   ddiv.o
       186          0          0          0          0        176   depilogue.o
        62          0          0          0          0         80   dfixi.o
        48          0          0          0          0         68   dfixul.o
        34          0          0          0          0         76   dflti.o
       228          0          0          0          0         96   dmul.o
        46          0          0          0          0         80   dscalb.o
       162          0          0          0          0        100   dsqrt.o
        38          0          0          0          0         68   f2d.o
       176          0          0          0          0        140   fadd.o
       124          0          0          0          0         88   fdiv.o
       110          0          0          0          0        168   fepilogue.o
        18          0          0          0          0         68   fflti.o
       100          0          0          0          0         76   fmul.o
        24          0          0          0          0         68   fscalb.o

    ----------------------------------------------------------------------
      6464        248         80          8          0       3984   Library Totals
         4          0          0          0          0          0   (incl. Padding)

    ----------------------------------------------------------------------

      Code (inc. data)   RO Data    RW Data    ZI Data      Debug   Library Name

      1672        136         80          0          0        940   m_ws.l
      2704        112          0          8          0       1152   mc_w.l
      2084          0          0          0          0       1892   mf_w.l

    ----------------------------------------------------------------------
      6464        248         80          8          0       3984   Library Totals

    ----------------------------------------------------------------------

==============================================================================


      Code (inc. data)   RO Data    RW Data    ZI Data      Debug   

     28524       1904        396        372      19236     631009   Grand Totals
     28524       1904        396        108      19236     631009   ELF Image Totals (compressed)
     28524       1904        396        108          0          0   ROM Totals

==============================================================================

    Total RO  Size (Code + RO Data)                28920 (  28.24kB)
    Total RW  Size (RW Data + ZI Data)             19608 (  19.15kB)
    Total ROM Size (Code + RO Data + RW Data)      29028 (  28.35kB)

==============================================================================

