<html>
<body>
<pre>
<h1>µVision Build Log</h1>
<h2>Tool Versions:</h2>
IDE-Version: ¦ÌVision V5.36.0.0
Copyright (C) 2021 ARM Ltd and ARM Germany GmbH. All rights reserved.
License Information: 123 251500892@qq.com, 123, LIC=21E4T-RAS4M-VESHA-1QPUP-99MMY-06GVQ
 
Tool Versions:
Toolchain:       MDK-ARM Plus  Version: 5.36.0.0
Toolchain Path:  D:\Software\Keil5\ARM\ARMCC\Bin
C Compiler:      Armcc.exe V5.06 update 7 (build 960)
Assembler:       Armasm.exe V5.06 update 7 (build 960)
Linker/Locator:  ArmLink.exe V5.06 update 7 (build 960)
Library Manager: ArmAr.exe V5.06 update 7 (build 960)
Hex Converter:   FromElf.exe V5.06 update 7 (build 960)
CPU DLL:         SARMCM3.DLL V5.36.0.0
Dialog DLL:      DCM.DLL V1.17.3.0
Target DLL:      STLink\ST-LINKIII-KEIL_SWO.dll V3.0.9.0
Dialog DLL:      TCM.DLL V1.53.0.0
 
<h2>Project:</h2>
c:\Users\25150\Desktop\Unmanned_Aerial_Vehicle_Project\remote_hal\MDK-ARM\remote_hal.uvprojx
Project File Date:  01/23/2026

<h2>Output:</h2>
*** Using Compiler 'V5.06 update 7 (build 960)', folder: 'D:\Software\Keil5\ARM\ARMCC\Bin'
Build target 'remote_hal'
assembling startup_stm32f103xb.s...
compiling usart.c...
compiling stm32f1xx_it.c...
compiling spi.c...
compiling gpio.c...
compiling stm32f1xx_hal_gpio_ex.c...
compiling stm32f1xx_hal_msp.c...
compiling main.c...
./interface/int_si24r1.h(21): warning:  #47-D: incompatible redefinition of macro "READ_REG"  (declared at line 187 of "../Drivers/CMSIS/Device/ST/STM32F1xx/Include/stm32f1xx.h")
  #define READ_REG 0x00    // Define read command to register
./interface/int_si24r1.h(22): warning:  #47-D: incompatible redefinition of macro "WRITE_REG"  (declared at line 185 of "../Drivers/CMSIS/Device/ST/STM32F1xx/Include/stm32f1xx.h")
  #define WRITE_REG 0x20   // Define write command to register
../Core/Src/main.c: 2 warnings, 0 errors
compiling stm32f1xx_hal_spi.c...
compiling stm32f1xx_hal_gpio.c...
compiling stm32f1xx_hal_rcc_ex.c...
compiling stm32f1xx_hal_cortex.c...
compiling stm32f1xx_hal.c...
compiling stm32f1xx_hal_dma.c...
compiling stm32f1xx_hal_flash.c...
compiling stm32f1xx_hal_rcc.c...
compiling stm32f1xx_hal_pwr.c...
compiling croutine.c...
compiling list.c...
compiling event_groups.c...
compiling stream_buffer.c...
compiling queue.c...
compiling tasks.c...
compiling timers.c...
compiling heap_4.c...
compiling port.c...
compiling stm32f1xx_hal_flash_ex.c...
compiling stm32f1xx_hal_exti.c...
compiling com_debug.c...
compiling system_stm32f1xx.c...
compiling stm32f1xx_hal_uart.c...
compiling int_ip5305t.c...
compiling int_si24r1.c...
interface\int_si24r1.h(21): warning:  #47-D: incompatible redefinition of macro "READ_REG"  (declared at line 187 of "../Drivers/CMSIS/Device/ST/STM32F1xx/Include/stm32f1xx.h")
  #define READ_REG 0x00    // Define read command to register
interface\int_si24r1.h(22): warning:  #47-D: incompatible redefinition of macro "WRITE_REG"  (declared at line 185 of "../Drivers/CMSIS/Device/ST/STM32F1xx/Include/stm32f1xx.h")
  #define WRITE_REG 0x20   // Define write command to register
interface\int_si24r1.c: 2 warnings, 0 errors
compiling app_task.c...
linking...
Program Size: Code=10744 RO-data=312 RW-data=136 ZI-data=18792  
FromELF: creating hex file...
".\remote_hal\remote_hal.axf" - 0 Error(s), 4 Warning(s).

<h2>Software Packages used:</h2>

Package Vendor: ARM
                http://www.keil.com/pack/ARM.CMSIS.5.8.0.pack
                ARM.CMSIS.5.8.0
                CMSIS (Common Microcontroller Software Interface Standard)
   * Component: CORE Version: 5.5.0

Package Vendor: Keil
                http://www.keil.com/pack/Keil.STM32F1xx_DFP.2.3.0.pack
                Keil.STM32F1xx_DFP.2.3.0
                STMicroelectronics STM32F1 Series Device Support, Drivers and Examples

<h2>Collection of Component include folders:</h2>
  .\RTE\_remote_hal
  C:\Users\25150\AppData\Local\Arm\Packs\ARM\CMSIS\5.8.0\CMSIS\Core\Include
  C:\Users\25150\AppData\Local\Arm\Packs\Keil\STM32F1xx_DFP\2.3.0\Device\Include

<h2>Collection of Component Files used:</h2>

   * Component: ARM::CMSIS:CORE:5.5.0
      Include file:  CMSIS\Core\Include\tz_context.h
Build Time Elapsed:  00:00:20
</pre>
</body>
</html>
